2026-09-23T21:30:05Z  start: 264 planned
2026-09-23T21:30:05Z  session B4.59 starting
2026-09-23T21:34:15Z  session B4.59 written (15 turns; withheld 2 questions, 1 answers)
2026-09-23T21:34:15Z  session B4.82 starting
2026-09-23T21:37:42Z  session B4.82 written (15 turns; withheld 2 questions, 0 answers)
2026-09-23T21:37:42Z  session A4.2 starting
2026-09-23T21:39:03Z  session A4.2 written (13 turns; withheld 2 questions, 0 answers)
2026-09-23T21:39:03Z  session A4.56 starting
2026-09-23T21:42:44Z  session A4.56 written (14 turns; withheld 2 questions, 0 answers)
2026-09-23T21:42:44Z  session A4.13 starting
2026-09-23T21:45:45Z  session A4.13 written (14 turns; withheld 2 questions, 0 answers)
2026-09-23T21:45:45Z  session B4.5 starting
2026-09-23T21:47:28Z  session B4.5 written (14 turns; withheld 2 questions, 2 answers)
2026-09-23T21:47:28Z  session A4.86 starting
2026-09-23T21:50:47Z  session A4.86 written (14 turns; withheld 2 questions, 0 answers)
2026-09-23T21:50:47Z  session C4.55 starting
2026-09-23T21:53:55Z  session C4.55 written (14 turns; withheld 2 questions, 1 answers)
2026-09-23T21:53:55Z  session C4.63 starting
2026-09-23T21:58:01Z  session C4.63 written (15 turns; withheld 2 questions, 1 answers)
2026-09-23T21:58:01Z  session C4.23 starting
2026-09-23T22:01:07Z  session C4.23 written (14 turns; withheld 2 questions, 0 answers)
2026-09-23T22:01:07Z  stopped at --limit 10
2026-09-23T22:01:07Z  end: 10 of 264 on disk
