2026-09-04T18:41:54Z  start: 44 planned, 0 already on disk
2026-09-04T18:41:54Z  session T2.3 starting
2026-09-04T18:44:15Z  session T2.3 FAILED: The read operation timed out
2026-09-04T18:44:15Z  session T1.1 starting
2026-09-04T18:45:11Z  session T1.1 written (11 turns)
2026-09-04T18:45:11Z  session T1.5 starting
2026-09-04T18:45:54Z  session T1.5 written (11 turns)
2026-09-04T18:45:54Z  session T2.1 starting
2026-09-04T18:46:28Z  session T2.1 written (11 turns)
2026-09-04T18:46:28Z  session T4.9 starting
2026-09-04T18:46:58Z  session T4.9 written (11 turns)
2026-09-04T18:46:58Z  session T2.9 starting
2026-09-04T18:47:35Z  session T2.9 written (11 turns)
2026-09-04T18:47:35Z  session T1.9 starting
2026-09-04T18:48:18Z  session T1.9 written (11 turns)
2026-09-04T18:48:18Z  session T3.3 starting
2026-09-04T18:48:59Z  session T3.3 written (11 turns)
2026-09-04T18:48:59Z  session T3.4 starting
2026-09-04T18:49:43Z  session T3.4 written (11 turns)
2026-09-04T18:49:43Z  session T3.10 starting
2026-09-04T18:50:52Z  session T3.10 written (11 turns)
2026-09-04T18:50:52Z  session T3.5 starting
2026-09-04T18:51:50Z  session T3.5 written (11 turns)
2026-09-04T18:51:50Z  session T1.8 starting
2026-09-04T18:52:43Z  session T1.8 written (11 turns)
2026-09-04T18:52:43Z  session T2.11 starting
2026-09-04T18:53:41Z  session T2.11 written (11 turns)
2026-09-04T18:53:41Z  session T2.4 starting
2026-09-04T18:54:21Z  session T2.4 written (11 turns)
2026-09-04T18:54:21Z  session T4.5 starting
2026-09-04T18:54:57Z  session T4.5 written (11 turns)
2026-09-04T18:54:57Z  session T1.11 starting
2026-09-04T18:55:32Z  session T1.11 written (11 turns)
2026-09-04T18:55:32Z  session T2.2 starting
2026-09-04T18:56:26Z  session T2.2 written (11 turns)
2026-09-04T18:56:26Z  session T4.1 starting
2026-09-04T18:57:15Z  session T4.1 written (11 turns)
2026-09-04T18:57:15Z  session T4.3 starting
2026-09-04T18:58:09Z  session T4.3 written (11 turns)
2026-09-04T18:58:09Z  session T1.3 starting
2026-09-04T18:58:56Z  session T1.3 written (11 turns)
2026-09-04T18:58:56Z  session T1.4 starting
2026-09-04T18:59:36Z  session T1.4 written (11 turns)
2026-09-04T18:59:36Z  session T2.6 starting
2026-09-04T19:00:10Z  session T2.6 written (11 turns)
2026-09-04T19:00:10Z  session T4.6 starting
2026-09-04T19:01:23Z  session T4.6 written (11 turns)
2026-09-04T19:01:23Z  session T2.8 starting
2026-09-04T19:01:58Z  session T2.8 written (11 turns)
2026-09-04T19:01:58Z  session T4.10 starting
2026-09-04T19:02:08Z  session T4.10 FAILED: <urlopen error [SSL: UNEXPECTED_EOF_WHILE_READING] EOF occurred in violation of protocol (_ssl.c:1082)>
2026-09-04T19:02:08Z  session T2.10 starting
2026-09-04T19:02:43Z  session T2.10 written (11 turns)
2026-09-04T19:02:43Z  session T2.5 starting
2026-09-04T19:03:18Z  session T2.5 written (11 turns)
2026-09-04T19:03:18Z  session T1.7 starting
2026-09-04T19:04:06Z  session T1.7 written (11 turns)
2026-09-04T19:04:06Z  session T4.11 starting
2026-09-04T19:04:41Z  session T4.11 written (11 turns)
2026-09-04T19:04:41Z  session T1.10 starting
2026-09-04T19:05:32Z  session T1.10 written (11 turns)
2026-09-04T19:05:32Z  session T3.6 starting
2026-09-04T19:06:20Z  session T3.6 written (11 turns)
2026-09-04T19:06:20Z  session T3.11 starting
2026-09-04T19:06:54Z  session T3.11 written (11 turns)
2026-09-04T19:06:54Z  session T3.8 starting
2026-09-04T19:07:25Z  session T3.8 written (11 turns)
2026-09-04T19:07:25Z  session T3.9 starting
2026-09-04T19:07:52Z  session T3.9 written (11 turns)
2026-09-04T19:07:52Z  session T3.7 starting
2026-09-04T19:08:27Z  session T3.7 written (11 turns)
2026-09-04T19:08:27Z  session T4.8 starting
2026-09-04T19:09:01Z  session T4.8 written (11 turns)
2026-09-04T19:09:01Z  session T3.1 starting
2026-09-04T19:09:30Z  session T3.1 written (11 turns)
2026-09-04T19:09:30Z  session T4.2 starting
2026-09-04T19:10:02Z  session T4.2 written (11 turns)
2026-09-04T19:10:02Z  session T1.6 starting
2026-09-04T19:11:17Z  session T1.6 written (11 turns)
2026-09-04T19:11:17Z  session T4.4 starting
2026-09-04T19:11:44Z  session T4.4 written (11 turns)
2026-09-04T19:11:44Z  session T1.2 starting
2026-09-04T19:13:05Z  session T1.2 written (11 turns)
2026-09-04T19:13:05Z  session T3.2 starting
2026-09-04T19:13:47Z  session T3.2 written (11 turns)
2026-09-04T19:13:47Z  session T4.7 starting
2026-09-04T19:14:18Z  session T4.7 FAILED: <urlopen error [SSL: UNEXPECTED_EOF_WHILE_READING] EOF occurred in violation of protocol (_ssl.c:1082)>
2026-09-04T19:14:18Z  session T2.7 starting
2026-09-04T19:14:53Z  session T2.7 written (11 turns)
2026-09-04T19:14:53Z  end: 41 of 44 on disk
2026-09-04T20:21:17Z  start: 44 planned, 41 already on disk
2026-09-04T20:21:17Z  session T2.3 starting
2026-09-04T20:22:01Z  session T2.3 written (11 turns)
2026-09-04T20:22:01Z  session T4.10 starting
2026-09-04T20:22:42Z  session T4.10 written (11 turns)
2026-09-04T20:22:42Z  session T4.7 starting
2026-09-04T20:23:31Z  session T4.7 written (11 turns)
2026-09-04T20:23:31Z  end: 44 of 44 on disk
