2026-09-03T15:41:05Z  start: 198 planned, 0 already on disk
2026-09-03T15:41:05Z  session A3.10 starting
2026-09-03T15:41:05Z  session A3.10 FAILED: <urlopen error [SSL: CERTIFICATE_VERIFY_FAILED] certificate verify failed: unable to get local issuer certificate (_ssl.c:1082)>
2026-09-03T15:41:05Z  session A2.18 starting
2026-09-03T15:41:06Z  session A2.18 FAILED: <urlopen error [SSL: CERTIFICATE_VERIFY_FAILED] certificate verify failed: unable to get local issuer certificate (_ssl.c:1082)>
2026-09-03T15:41:06Z  session B3.4 starting
2026-09-03T15:41:06Z  session B3.4 FAILED: <urlopen error [SSL: CERTIFICATE_VERIFY_FAILED] certificate verify failed: unable to get local issuer certificate (_ssl.c:1082)>
2026-09-03T15:41:06Z  session B1.3 starting
2026-09-03T15:41:06Z  session B1.3 FAILED: <urlopen error [SSL: CERTIFICATE_VERIFY_FAILED] certificate verify failed: unable to get local issuer certificate (_ssl.c:1082)>
2026-09-03T15:41:06Z  session A3.13 starting
2026-09-03T15:41:06Z  session A3.13 FAILED: <urlopen error [SSL: CERTIFICATE_VERIFY_FAILED] certificate verify failed: unable to get local issuer certificate (_ssl.c:1082)>
2026-09-03T15:41:06Z  session A2.14 starting
2026-09-03T15:41:07Z  session A2.14 FAILED: <urlopen error [SSL: CERTIFICATE_VERIFY_FAILED] certificate verify failed: unable to get local issuer certificate (_ssl.c:1082)>
2026-09-03T15:41:07Z  session A1.22 starting
2026-09-03T15:41:07Z  session A1.22 FAILED: <urlopen error [SSL: CERTIFICATE_VERIFY_FAILED] certificate verify failed: unable to get local issuer certificate (_ssl.c:1082)>
2026-09-03T15:41:07Z  session A1.12 starting
2026-09-03T15:41:07Z  session A1.12 FAILED: <urlopen error [SSL: CERTIFICATE_VERIFY_FAILED] certificate verify failed: unable to get local issuer certificate (_ssl.c:1082)>
2026-09-03T15:41:07Z  session A1.7 starting
2026-09-03T15:41:07Z  session A1.7 FAILED: <urlopen error [SSL: CERTIFICATE_VERIFY_FAILED] certificate verify failed: unable to get local issuer certificate (_ssl.c:1082)>
2026-09-03T15:41:07Z  session C3.6 starting
2026-09-03T15:41:07Z  session C3.6 FAILED: <urlopen error [SSL: CERTIFICATE_VERIFY_FAILED] certificate verify failed: unable to get local issuer certificate (_ssl.c:1082)>
2026-09-03T15:41:07Z  session A1.4 starting
2026-09-03T15:41:08Z  session A1.4 FAILED: <urlopen error [SSL: CERTIFICATE_VERIFY_FAILED] certificate verify failed: unable to get local issuer certificate (_ssl.c:1082)>
2026-09-03T15:41:08Z  session C3.22 starting
2026-09-03T15:41:08Z  session C3.22 FAILED: <urlopen error [SSL: CERTIFICATE_VERIFY_FAILED] certificate verify failed: unable to get local issuer certificate (_ssl.c:1082)>
2026-09-03T15:41:08Z  session A3.1 starting
2026-09-03T15:41:08Z  session A3.1 FAILED: <urlopen error [SSL: CERTIFICATE_VERIFY_FAILED] certificate verify failed: unable to get local issuer certificate (_ssl.c:1082)>
2026-09-03T15:41:08Z  session B3.2 starting
2026-09-03T15:41:08Z  session B3.2 FAILED: <urlopen error [SSL: CERTIFICATE_VERIFY_FAILED] certificate verify failed: unable to get local issuer certificate (_ssl.c:1082)>
2026-09-03T15:41:08Z  session A3.22 starting
2026-09-03T15:41:08Z  session A3.22 FAILED: <urlopen error [SSL: CERTIFICATE_VERIFY_FAILED] certificate verify failed: unable to get local issuer certificate (_ssl.c:1082)>
2026-09-03T15:41:08Z  session A1.8 starting
2026-09-03T15:41:08Z  session A1.8 FAILED: <urlopen error [SSL: CERTIFICATE_VERIFY_FAILED] certificate verify failed: unable to get local issuer certificate (_ssl.c:1082)>
2026-09-03T15:41:08Z  session B1.16 starting
2026-09-03T15:41:09Z  session B1.16 FAILED: <urlopen error [SSL: CERTIFICATE_VERIFY_FAILED] certificate verify failed: unable to get local issuer certificate (_ssl.c:1082)>
2026-09-03T15:41:09Z  session B2.18 starting
2026-09-03T15:41:09Z  session B2.18 FAILED: <urlopen error [SSL: CERTIFICATE_VERIFY_FAILED] certificate verify failed: unable to get local issuer certificate (_ssl.c:1082)>
2026-09-03T15:41:09Z  session A3.6 starting
2026-09-03T15:41:09Z  session A3.6 FAILED: <urlopen error [SSL: CERTIFICATE_VERIFY_FAILED] certificate verify failed: unable to get local issuer certificate (_ssl.c:1082)>
2026-09-03T15:41:09Z  session A2.5 starting
2026-09-03T15:41:09Z  session A2.5 FAILED: <urlopen error [SSL: CERTIFICATE_VERIFY_FAILED] certificate verify failed: unable to get local issuer certificate (_ssl.c:1082)>
2026-09-03T15:41:09Z  session B1.4 starting
2026-09-03T15:41:09Z  session B1.4 FAILED: <urlopen error [SSL: CERTIFICATE_VERIFY_FAILED] certificate verify failed: unable to get local issuer certificate (_ssl.c:1082)>
2026-09-03T15:41:09Z  session A1.3 starting
2026-09-03T15:41:10Z  session A1.3 FAILED: <urlopen error [SSL: CERTIFICATE_VERIFY_FAILED] certificate verify failed: unable to get local issuer certificate (_ssl.c:1082)>
2026-09-03T15:41:10Z  session B1.7 starting
2026-09-03T15:41:10Z  session B1.7 FAILED: <urlopen error [SSL: CERTIFICATE_VERIFY_FAILED] certificate verify failed: unable to get local issuer certificate (_ssl.c:1082)>
2026-09-03T15:41:10Z  session A1.13 starting
2026-09-03T15:41:10Z  session A1.13 FAILED: <urlopen error [SSL: CERTIFICATE_VERIFY_FAILED] certificate verify failed: unable to get local issuer certificate (_ssl.c:1082)>
2026-09-03T15:41:10Z  session B2.22 starting
2026-09-03T15:41:10Z  session B2.22 FAILED: <urlopen error [SSL: CERTIFICATE_VERIFY_FAILED] certificate verify failed: unable to get local issuer certificate (_ssl.c:1082)>
2026-09-03T15:41:10Z  session B2.2 starting
2026-09-03T15:41:10Z  session B2.2 FAILED: <urlopen error [SSL: CERTIFICATE_VERIFY_FAILED] certificate verify failed: unable to get local issuer certificate (_ssl.c:1082)>
2026-09-03T15:41:10Z  session C3.17 starting
2026-09-03T15:41:10Z  session C3.17 FAILED: <urlopen error [SSL: CERTIFICATE_VERIFY_FAILED] certificate verify failed: unable to get local issuer certificate (_ssl.c:1082)>
2026-09-03T15:41:10Z  session A3.5 starting
2026-09-03T15:41:11Z  session A3.5 FAILED: <urlopen error [SSL: CERTIFICATE_VERIFY_FAILED] certificate verify failed: unable to get local issuer certificate (_ssl.c:1082)>
2026-09-03T15:41:11Z  session B1.21 starting
2026-09-03T15:41:11Z  session B1.21 FAILED: <urlopen error [SSL: CERTIFICATE_VERIFY_FAILED] certificate verify failed: unable to get local issuer certificate (_ssl.c:1082)>
2026-09-03T15:41:11Z  session C2.13 starting
2026-09-03T15:41:11Z  session C2.13 FAILED: <urlopen error [SSL: CERTIFICATE_VERIFY_FAILED] certificate verify failed: unable to get local issuer certificate (_ssl.c:1082)>
2026-09-03T15:41:11Z  session C3.18 starting
2026-09-03T15:41:11Z  session C3.18 FAILED: <urlopen error [SSL: CERTIFICATE_VERIFY_FAILED] certificate verify failed: unable to get local issuer certificate (_ssl.c:1082)>
2026-09-03T15:41:11Z  session A1.14 starting
2026-09-03T15:41:12Z  session A1.14 FAILED: <urlopen error [SSL: CERTIFICATE_VERIFY_FAILED] certificate verify failed: unable to get local issuer certificate (_ssl.c:1082)>
2026-09-03T15:41:12Z  session B1.12 starting
2026-09-03T15:41:12Z  session B1.12 FAILED: <urlopen error [SSL: CERTIFICATE_VERIFY_FAILED] certificate verify failed: unable to get local issuer certificate (_ssl.c:1082)>
2026-09-03T15:41:12Z  session C3.20 starting
2026-09-03T15:41:12Z  session C3.20 FAILED: <urlopen error [SSL: CERTIFICATE_VERIFY_FAILED] certificate verify failed: unable to get local issuer certificate (_ssl.c:1082)>
2026-09-03T15:41:12Z  session A1.19 starting
2026-09-03T15:41:12Z  session A1.19 FAILED: <urlopen error [SSL: CERTIFICATE_VERIFY_FAILED] certificate verify failed: unable to get local issuer certificate (_ssl.c:1082)>
2026-09-03T15:41:12Z  session C2.10 starting
2026-09-03T15:41:12Z  session C2.10 FAILED: <urlopen error [SSL: CERTIFICATE_VERIFY_FAILED] certificate verify failed: unable to get local issuer certificate (_ssl.c:1082)>
2026-09-03T15:41:12Z  session A3.17 starting
2026-09-03T15:41:13Z  session A3.17 FAILED: <urlopen error [SSL: CERTIFICATE_VERIFY_FAILED] certificate verify failed: unable to get local issuer certificate (_ssl.c:1082)>
2026-09-03T15:41:13Z  session A1.18 starting
2026-09-03T15:41:13Z  session A1.18 FAILED: <urlopen error [SSL: CERTIFICATE_VERIFY_FAILED] certificate verify failed: unable to get local issuer certificate (_ssl.c:1082)>
2026-09-03T15:41:13Z  session C1.2 starting
2026-09-03T15:41:13Z  session C1.2 FAILED: <urlopen error [SSL: CERTIFICATE_VERIFY_FAILED] certificate verify failed: unable to get local issuer certificate (_ssl.c:1082)>
2026-09-03T15:41:13Z  session B2.6 starting
2026-09-03T15:41:13Z  session B2.6 FAILED: <urlopen error [SSL: CERTIFICATE_VERIFY_FAILED] certificate verify failed: unable to get local issuer certificate (_ssl.c:1082)>
2026-09-03T15:41:13Z  session A2.2 starting
2026-09-03T15:41:13Z  session A2.2 FAILED: <urlopen error [SSL: CERTIFICATE_VERIFY_FAILED] certificate verify failed: unable to get local issuer certificate (_ssl.c:1082)>
2026-09-03T15:41:13Z  session B2.1 starting
2026-09-03T15:41:14Z  session B2.1 FAILED: <urlopen error [SSL: CERTIFICATE_VERIFY_FAILED] certificate verify failed: unable to get local issuer certificate (_ssl.c:1082)>
2026-09-03T15:41:14Z  session B2.10 starting
2026-09-03T15:41:14Z  session B2.10 FAILED: <urlopen error [SSL: CERTIFICATE_VERIFY_FAILED] certificate verify failed: unable to get local issuer certificate (_ssl.c:1082)>
2026-09-03T15:41:14Z  session A1.20 starting
2026-09-03T15:41:14Z  session A1.20 FAILED: <urlopen error [SSL: CERTIFICATE_VERIFY_FAILED] certificate verify failed: unable to get local issuer certificate (_ssl.c:1082)>
2026-09-03T15:41:14Z  session C2.22 starting
2026-09-03T15:41:14Z  session C2.22 FAILED: <urlopen error [SSL: CERTIFICATE_VERIFY_FAILED] certificate verify failed: unable to get local issuer certificate (_ssl.c:1082)>
2026-09-03T15:41:14Z  session C3.5 starting
2026-09-03T15:41:14Z  session C3.5 FAILED: <urlopen error [SSL: CERTIFICATE_VERIFY_FAILED] certificate verify failed: unable to get local issuer certificate (_ssl.c:1082)>
2026-09-03T15:41:14Z  session A3.15 starting
2026-09-03T15:41:14Z  session A3.15 FAILED: <urlopen error [SSL: CERTIFICATE_VERIFY_FAILED] certificate verify failed: unable to get local issuer certificate (_ssl.c:1082)>
2026-09-03T15:41:14Z  session B3.15 starting
2026-09-03T15:41:15Z  session B3.15 FAILED: <urlopen error [SSL: CERTIFICATE_VERIFY_FAILED] certificate verify failed: unable to get local issuer certificate (_ssl.c:1082)>
2026-09-03T15:41:15Z  session B3.20 starting
2026-09-03T15:41:15Z  session B3.20 FAILED: <urlopen error [SSL: CERTIFICATE_VERIFY_FAILED] certificate verify failed: unable to get local issuer certificate (_ssl.c:1082)>
2026-09-03T15:41:15Z  session C3.21 starting
2026-09-03T15:41:15Z  session C3.21 FAILED: <urlopen error [SSL: CERTIFICATE_VERIFY_FAILED] certificate verify failed: unable to get local issuer certificate (_ssl.c:1082)>
2026-09-03T15:41:15Z  session B3.1 starting
2026-09-03T15:41:15Z  session B3.1 FAILED: <urlopen error [SSL: CERTIFICATE_VERIFY_FAILED] certificate verify failed: unable to get local issuer certificate (_ssl.c:1082)>
2026-09-03T15:41:15Z  session B2.12 starting
2026-09-03T15:41:15Z  session B2.12 FAILED: <urlopen error [SSL: CERTIFICATE_VERIFY_FAILED] certificate verify failed: unable to get local issuer certificate (_ssl.c:1082)>
2026-09-03T15:41:15Z  session A2.16 starting
2026-09-03T15:41:15Z  session A2.16 FAILED: <urlopen error [SSL: CERTIFICATE_VERIFY_FAILED] certificate verify failed: unable to get local issuer certificate (_ssl.c:1082)>
2026-09-03T15:41:15Z  session A2.10 starting
2026-09-03T15:41:16Z  session A2.10 FAILED: <urlopen error [SSL: CERTIFICATE_VERIFY_FAILED] certificate verify failed: unable to get local issuer certificate (_ssl.c:1082)>
2026-09-03T15:41:16Z  session B3.9 starting
2026-09-03T15:41:16Z  session B3.9 FAILED: <urlopen error [SSL: CERTIFICATE_VERIFY_FAILED] certificate verify failed: unable to get local issuer certificate (_ssl.c:1082)>
2026-09-03T15:41:16Z  session C1.19 starting
2026-09-03T15:41:16Z  session C1.19 FAILED: <urlopen error [SSL: CERTIFICATE_VERIFY_FAILED] certificate verify failed: unable to get local issuer certificate (_ssl.c:1082)>
2026-09-03T15:41:16Z  session A3.8 starting
2026-09-03T15:41:16Z  session A3.8 FAILED: <urlopen error [SSL: CERTIFICATE_VERIFY_FAILED] certificate verify failed: unable to get local issuer certificate (_ssl.c:1082)>
2026-09-03T15:41:16Z  session C3.10 starting
2026-09-03T15:41:16Z  session C3.10 FAILED: <urlopen error [SSL: CERTIFICATE_VERIFY_FAILED] certificate verify failed: unable to get local issuer certificate (_ssl.c:1082)>
2026-09-03T15:41:16Z  session C1.7 starting
2026-09-03T15:41:16Z  session C1.7 FAILED: <urlopen error [SSL: CERTIFICATE_VERIFY_FAILED] certificate verify failed: unable to get local issuer certificate (_ssl.c:1082)>
2026-09-03T15:41:16Z  session B3.16 starting
2026-09-03T15:41:16Z  session B3.16 FAILED: <urlopen error [SSL: CERTIFICATE_VERIFY_FAILED] certificate verify failed: unable to get local issuer certificate (_ssl.c:1082)>
2026-09-03T15:41:17Z  session B1.10 starting
2026-09-03T15:41:17Z  session B1.10 FAILED: <urlopen error [SSL: CERTIFICATE_VERIFY_FAILED] certificate verify failed: unable to get local issuer certificate (_ssl.c:1082)>
2026-09-03T15:41:17Z  session C2.2 starting
2026-09-03T15:41:17Z  session C2.2 FAILED: <urlopen error [SSL: CERTIFICATE_VERIFY_FAILED] certificate verify failed: unable to get local issuer certificate (_ssl.c:1082)>
2026-09-03T15:41:17Z  session A2.12 starting
2026-09-03T15:41:17Z  session A2.12 FAILED: <urlopen error [SSL: CERTIFICATE_VERIFY_FAILED] certificate verify failed: unable to get local issuer certificate (_ssl.c:1082)>
2026-09-03T15:41:17Z  session B3.21 starting
2026-09-03T15:41:17Z  session B3.21 FAILED: <urlopen error [SSL: CERTIFICATE_VERIFY_FAILED] certificate verify failed: unable to get local issuer certificate (_ssl.c:1082)>
2026-09-03T15:41:17Z  session A2.3 starting
2026-09-03T15:41:17Z  session A2.3 FAILED: <urlopen error [SSL: CERTIFICATE_VERIFY_FAILED] certificate verify failed: unable to get local issuer certificate (_ssl.c:1082)>
2026-09-03T15:41:17Z  session B3.6 starting
2026-09-03T15:41:17Z  session B3.6 FAILED: <urlopen error [SSL: CERTIFICATE_VERIFY_FAILED] certificate verify failed: unable to get local issuer certificate (_ssl.c:1082)>
2026-09-03T15:41:17Z  session B1.17 starting
2026-09-03T15:41:18Z  session B1.17 FAILED: <urlopen error [SSL: CERTIFICATE_VERIFY_FAILED] certificate verify failed: unable to get local issuer certificate (_ssl.c:1082)>
2026-09-03T15:41:18Z  session B1.20 starting
2026-09-03T15:41:18Z  session B1.20 FAILED: <urlopen error [SSL: CERTIFICATE_VERIFY_FAILED] certificate verify failed: unable to get local issuer certificate (_ssl.c:1082)>
2026-09-03T15:41:18Z  session A2.11 starting
2026-09-03T15:41:18Z  session A2.11 FAILED: <urlopen error [SSL: CERTIFICATE_VERIFY_FAILED] certificate verify failed: unable to get local issuer certificate (_ssl.c:1082)>
2026-09-03T15:41:18Z  session C1.5 starting
2026-09-03T15:41:18Z  session C1.5 FAILED: <urlopen error [SSL: CERTIFICATE_VERIFY_FAILED] certificate verify failed: unable to get local issuer certificate (_ssl.c:1082)>
2026-09-03T15:41:18Z  session C1.12 starting
2026-09-03T15:41:18Z  session C1.12 FAILED: <urlopen error [SSL: CERTIFICATE_VERIFY_FAILED] certificate verify failed: unable to get local issuer certificate (_ssl.c:1082)>
2026-09-03T15:41:18Z  session C3.14 starting
2026-09-03T15:41:19Z  session C3.14 FAILED: <urlopen error [SSL: CERTIFICATE_VERIFY_FAILED] certificate verify failed: unable to get local issuer certificate (_ssl.c:1082)>
2026-09-03T15:41:19Z  session C3.7 starting
2026-09-03T15:41:19Z  session C3.7 FAILED: <urlopen error [SSL: CERTIFICATE_VERIFY_FAILED] certificate verify failed: unable to get local issuer certificate (_ssl.c:1082)>
2026-09-03T15:41:19Z  session C1.10 starting
2026-09-03T15:41:19Z  session C1.10 FAILED: <urlopen error [SSL: CERTIFICATE_VERIFY_FAILED] certificate verify failed: unable to get local issuer certificate (_ssl.c:1082)>
2026-09-03T15:41:19Z  session C1.22 starting
2026-09-03T15:41:19Z  session C1.22 FAILED: <urlopen error [SSL: CERTIFICATE_VERIFY_FAILED] certificate verify failed: unable to get local issuer certificate (_ssl.c:1082)>
2026-09-03T15:41:19Z  session A3.20 starting
2026-09-03T15:41:19Z  session A3.20 FAILED: <urlopen error [SSL: CERTIFICATE_VERIFY_FAILED] certificate verify failed: unable to get local issuer certificate (_ssl.c:1082)>
2026-09-03T15:41:19Z  session C2.4 starting
2026-09-03T15:41:19Z  session C2.4 FAILED: <urlopen error [SSL: CERTIFICATE_VERIFY_FAILED] certificate verify failed: unable to get local issuer certificate (_ssl.c:1082)>
2026-09-03T15:41:19Z  session C3.13 starting
2026-09-03T15:41:20Z  session C3.13 FAILED: <urlopen error [SSL: CERTIFICATE_VERIFY_FAILED] certificate verify failed: unable to get local issuer certificate (_ssl.c:1082)>
2026-09-03T15:41:20Z  session C1.18 starting
2026-09-03T15:41:20Z  session C1.18 FAILED: <urlopen error [SSL: CERTIFICATE_VERIFY_FAILED] certificate verify failed: unable to get local issuer certificate (_ssl.c:1082)>
2026-09-03T15:41:20Z  session A1.16 starting
2026-09-03T15:41:20Z  session A1.16 FAILED: <urlopen error [SSL: CERTIFICATE_VERIFY_FAILED] certificate verify failed: unable to get local issuer certificate (_ssl.c:1082)>
2026-09-03T15:41:20Z  session B3.10 starting
2026-09-03T15:41:20Z  session B3.10 FAILED: <urlopen error [SSL: CERTIFICATE_VERIFY_FAILED] certificate verify failed: unable to get local issuer certificate (_ssl.c:1082)>
2026-09-03T15:41:20Z  session A3.4 starting
2026-09-03T15:41:20Z  session A3.4 FAILED: <urlopen error [SSL: CERTIFICATE_VERIFY_FAILED] certificate verify failed: unable to get local issuer certificate (_ssl.c:1082)>
2026-09-03T15:41:20Z  session B2.15 starting
2026-09-03T15:41:21Z  session B2.15 FAILED: <urlopen error [SSL: CERTIFICATE_VERIFY_FAILED] certificate verify failed: unable to get local issuer certificate (_ssl.c:1082)>
2026-09-03T15:41:21Z  session B3.18 starting
2026-09-03T15:41:21Z  session B3.18 FAILED: <urlopen error [SSL: CERTIFICATE_VERIFY_FAILED] certificate verify failed: unable to get local issuer certificate (_ssl.c:1082)>
2026-09-03T15:41:21Z  session A2.9 starting
2026-09-03T15:41:21Z  session A2.9 FAILED: <urlopen error [SSL: CERTIFICATE_VERIFY_FAILED] certificate verify failed: unable to get local issuer certificate (_ssl.c:1082)>
2026-09-03T15:41:21Z  session C2.11 starting
2026-09-03T15:41:22Z  session C2.11 FAILED: <urlopen error [SSL: CERTIFICATE_VERIFY_FAILED] certificate verify failed: unable to get local issuer certificate (_ssl.c:1082)>
2026-09-03T15:41:22Z  session C2.12 starting
2026-09-03T15:41:22Z  session C2.12 FAILED: <urlopen error [SSL: CERTIFICATE_VERIFY_FAILED] certificate verify failed: unable to get local issuer certificate (_ssl.c:1082)>
2026-09-03T15:41:22Z  session B3.13 starting
2026-09-03T15:41:22Z  session B3.13 FAILED: <urlopen error [SSL: CERTIFICATE_VERIFY_FAILED] certificate verify failed: unable to get local issuer certificate (_ssl.c:1082)>
2026-09-03T15:41:22Z  session C2.15 starting
2026-09-03T15:41:22Z  session C2.15 FAILED: <urlopen error [SSL: CERTIFICATE_VERIFY_FAILED] certificate verify failed: unable to get local issuer certificate (_ssl.c:1082)>
2026-09-03T15:41:22Z  session C2.1 starting
2026-09-03T15:41:23Z  session C2.1 FAILED: <urlopen error [SSL: CERTIFICATE_VERIFY_FAILED] certificate verify failed: unable to get local issuer certificate (_ssl.c:1082)>
2026-09-03T15:41:23Z  session B1.2 starting
2026-09-03T15:41:23Z  session B1.2 FAILED: <urlopen error [SSL: CERTIFICATE_VERIFY_FAILED] certificate verify failed: unable to get local issuer certificate (_ssl.c:1082)>
2026-09-03T15:41:23Z  session B2.7 starting
2026-09-03T15:41:24Z  session B2.7 FAILED: <urlopen error [SSL: CERTIFICATE_VERIFY_FAILED] certificate verify failed: unable to get local issuer certificate (_ssl.c:1082)>
2026-09-03T15:41:24Z  session B1.8 starting
2026-09-03T15:41:24Z  session B1.8 FAILED: <urlopen error [SSL: CERTIFICATE_VERIFY_FAILED] certificate verify failed: unable to get local issuer certificate (_ssl.c:1082)>
2026-09-03T15:41:24Z  session B3.3 starting
2026-09-03T15:41:24Z  session B3.3 FAILED: <urlopen error [SSL: CERTIFICATE_VERIFY_FAILED] certificate verify failed: unable to get local issuer certificate (_ssl.c:1082)>
2026-09-03T15:41:24Z  session B1.9 starting
2026-09-03T15:41:24Z  session B1.9 FAILED: <urlopen error [SSL: CERTIFICATE_VERIFY_FAILED] certificate verify failed: unable to get local issuer certificate (_ssl.c:1082)>
2026-09-03T15:41:24Z  session C3.9 starting
2026-09-03T15:41:25Z  session C3.9 FAILED: <urlopen error [SSL: CERTIFICATE_VERIFY_FAILED] certificate verify failed: unable to get local issuer certificate (_ssl.c:1082)>
2026-09-03T15:41:25Z  session A1.2 starting
2026-09-03T15:41:25Z  session A1.2 FAILED: <urlopen error [SSL: CERTIFICATE_VERIFY_FAILED] certificate verify failed: unable to get local issuer certificate (_ssl.c:1082)>
2026-09-03T15:41:25Z  session C2.21 starting
2026-09-03T15:41:25Z  session C2.21 FAILED: <urlopen error [SSL: CERTIFICATE_VERIFY_FAILED] certificate verify failed: unable to get local issuer certificate (_ssl.c:1082)>
2026-09-03T15:41:25Z  session A2.8 starting
2026-09-03T15:41:25Z  session A2.8 FAILED: <urlopen error [SSL: CERTIFICATE_VERIFY_FAILED] certificate verify failed: unable to get local issuer certificate (_ssl.c:1082)>
2026-09-03T15:41:25Z  session B2.14 starting
2026-09-03T15:41:26Z  session B2.14 FAILED: <urlopen error [SSL: CERTIFICATE_VERIFY_FAILED] certificate verify failed: unable to get local issuer certificate (_ssl.c:1082)>
2026-09-03T15:41:26Z  session A2.19 starting
2026-09-03T15:41:26Z  session A2.19 FAILED: <urlopen error [SSL: CERTIFICATE_VERIFY_FAILED] certificate verify failed: unable to get local issuer certificate (_ssl.c:1082)>
2026-09-03T15:41:26Z  session A3.16 starting
2026-09-03T15:41:26Z  session A3.16 FAILED: <urlopen error [SSL: CERTIFICATE_VERIFY_FAILED] certificate verify failed: unable to get local issuer certificate (_ssl.c:1082)>
2026-09-03T15:41:26Z  session B3.22 starting
2026-09-03T15:41:26Z  session B3.22 FAILED: <urlopen error [SSL: CERTIFICATE_VERIFY_FAILED] certificate verify failed: unable to get local issuer certificate (_ssl.c:1082)>
2026-09-03T15:41:26Z  session B2.4 starting
2026-09-03T15:41:27Z  session B2.4 FAILED: <urlopen error [SSL: CERTIFICATE_VERIFY_FAILED] certificate verify failed: unable to get local issuer certificate (_ssl.c:1082)>
2026-09-03T15:41:27Z  session B1.6 starting
2026-09-03T15:41:27Z  session B1.6 FAILED: <urlopen error [SSL: CERTIFICATE_VERIFY_FAILED] certificate verify failed: unable to get local issuer certificate (_ssl.c:1082)>
2026-09-03T15:41:27Z  session C1.9 starting
2026-09-03T15:41:27Z  session C1.9 FAILED: <urlopen error [SSL: CERTIFICATE_VERIFY_FAILED] certificate verify failed: unable to get local issuer certificate (_ssl.c:1082)>
2026-09-03T15:41:27Z  session B1.1 starting
2026-09-03T15:41:27Z  session B1.1 FAILED: <urlopen error [SSL: CERTIFICATE_VERIFY_FAILED] certificate verify failed: unable to get local issuer certificate (_ssl.c:1082)>
2026-09-03T15:41:27Z  session A3.19 starting
2026-09-03T15:41:28Z  session A3.19 FAILED: <urlopen error [SSL: CERTIFICATE_VERIFY_FAILED] certificate verify failed: unable to get local issuer certificate (_ssl.c:1082)>
2026-09-03T15:41:28Z  session B1.13 starting
2026-09-03T15:41:28Z  session B1.13 FAILED: <urlopen error [SSL: CERTIFICATE_VERIFY_FAILED] certificate verify failed: unable to get local issuer certificate (_ssl.c:1082)>
2026-09-03T15:41:28Z  session A2.13 starting
2026-09-03T15:41:28Z  session A2.13 FAILED: <urlopen error [SSL: CERTIFICATE_VERIFY_FAILED] certificate verify failed: unable to get local issuer certificate (_ssl.c:1082)>
2026-09-03T15:41:28Z  session C1.20 starting
2026-09-03T15:41:29Z  session C1.20 FAILED: <urlopen error [SSL: CERTIFICATE_VERIFY_FAILED] certificate verify failed: unable to get local issuer certificate (_ssl.c:1082)>
2026-09-03T15:41:29Z  session B2.8 starting
2026-09-03T15:41:29Z  session B2.8 FAILED: <urlopen error [SSL: CERTIFICATE_VERIFY_FAILED] certificate verify failed: unable to get local issuer certificate (_ssl.c:1082)>
2026-09-03T15:41:29Z  session C1.11 starting
2026-09-03T15:41:29Z  session C1.11 FAILED: <urlopen error [SSL: CERTIFICATE_VERIFY_FAILED] certificate verify failed: unable to get local issuer certificate (_ssl.c:1082)>
2026-09-03T15:41:29Z  session A2.17 starting
2026-09-03T15:41:29Z  session A2.17 FAILED: <urlopen error [SSL: CERTIFICATE_VERIFY_FAILED] certificate verify failed: unable to get local issuer certificate (_ssl.c:1082)>
2026-09-03T15:41:29Z  session A2.7 starting
2026-09-03T15:41:29Z  session A2.7 FAILED: <urlopen error [SSL: CERTIFICATE_VERIFY_FAILED] certificate verify failed: unable to get local issuer certificate (_ssl.c:1082)>
2026-09-03T15:41:29Z  session B1.18 starting
2026-09-03T15:41:30Z  session B1.18 FAILED: <urlopen error [SSL: CERTIFICATE_VERIFY_FAILED] certificate verify failed: unable to get local issuer certificate (_ssl.c:1082)>
2026-09-03T15:41:30Z  session B2.19 starting
2026-09-03T15:41:30Z  session B2.19 FAILED: <urlopen error [SSL: CERTIFICATE_VERIFY_FAILED] certificate verify failed: unable to get local issuer certificate (_ssl.c:1082)>
2026-09-03T15:41:30Z  session A1.11 starting
2026-09-03T15:41:30Z  session A1.11 FAILED: <urlopen error [SSL: CERTIFICATE_VERIFY_FAILED] certificate verify failed: unable to get local issuer certificate (_ssl.c:1082)>
2026-09-03T15:41:30Z  session C3.15 starting
2026-09-03T15:41:31Z  session C3.15 FAILED: <urlopen error [SSL: CERTIFICATE_VERIFY_FAILED] certificate verify failed: unable to get local issuer certificate (_ssl.c:1082)>
2026-09-03T15:41:31Z  session C3.12 starting
2026-09-03T15:41:31Z  session C3.12 FAILED: <urlopen error [SSL: CERTIFICATE_VERIFY_FAILED] certificate verify failed: unable to get local issuer certificate (_ssl.c:1082)>
2026-09-03T15:41:31Z  session C1.1 starting
2026-09-03T15:41:31Z  session C1.1 FAILED: <urlopen error [SSL: CERTIFICATE_VERIFY_FAILED] certificate verify failed: unable to get local issuer certificate (_ssl.c:1082)>
2026-09-03T15:41:31Z  session B3.14 starting
2026-09-03T15:41:31Z  session B3.14 FAILED: <urlopen error [SSL: CERTIFICATE_VERIFY_FAILED] certificate verify failed: unable to get local issuer certificate (_ssl.c:1082)>
2026-09-03T15:41:31Z  session C2.19 starting
2026-09-03T15:41:32Z  session C2.19 FAILED: <urlopen error [SSL: CERTIFICATE_VERIFY_FAILED] certificate verify failed: unable to get local issuer certificate (_ssl.c:1082)>
2026-09-03T15:41:32Z  session C2.17 starting
2026-09-03T15:41:32Z  session C2.17 FAILED: <urlopen error [SSL: CERTIFICATE_VERIFY_FAILED] certificate verify failed: unable to get local issuer certificate (_ssl.c:1082)>
2026-09-03T15:41:32Z  session C2.7 starting
2026-09-03T15:41:32Z  session C2.7 FAILED: <urlopen error [SSL: CERTIFICATE_VERIFY_FAILED] certificate verify failed: unable to get local issuer certificate (_ssl.c:1082)>
2026-09-03T15:41:32Z  session A2.15 starting
2026-09-03T15:41:33Z  session A2.15 FAILED: <urlopen error [SSL: CERTIFICATE_VERIFY_FAILED] certificate verify failed: unable to get local issuer certificate (_ssl.c:1082)>
2026-09-03T15:41:33Z  session B1.19 starting
2026-09-03T15:41:33Z  session B1.19 FAILED: <urlopen error [SSL: CERTIFICATE_VERIFY_FAILED] certificate verify failed: unable to get local issuer certificate (_ssl.c:1082)>
2026-09-03T15:41:33Z  session A2.21 starting
2026-09-03T15:41:33Z  session A2.21 FAILED: <urlopen error [SSL: CERTIFICATE_VERIFY_FAILED] certificate verify failed: unable to get local issuer certificate (_ssl.c:1082)>
2026-09-03T15:41:33Z  session C1.4 starting
2026-09-03T15:41:33Z  session C1.4 FAILED: <urlopen error [SSL: CERTIFICATE_VERIFY_FAILED] certificate verify failed: unable to get local issuer certificate (_ssl.c:1082)>
2026-09-03T15:41:33Z  session C2.20 starting
2026-09-03T15:41:34Z  session C2.20 FAILED: <urlopen error [SSL: CERTIFICATE_VERIFY_FAILED] certificate verify failed: unable to get local issuer certificate (_ssl.c:1082)>
2026-09-03T15:41:34Z  session B3.19 starting
2026-09-03T15:41:34Z  session B3.19 FAILED: <urlopen error [SSL: CERTIFICATE_VERIFY_FAILED] certificate verify failed: unable to get local issuer certificate (_ssl.c:1082)>
2026-09-03T15:41:34Z  session A3.21 starting
2026-09-03T15:41:34Z  session A3.21 FAILED: <urlopen error [SSL: CERTIFICATE_VERIFY_FAILED] certificate verify failed: unable to get local issuer certificate (_ssl.c:1082)>
2026-09-03T15:41:34Z  session C3.1 starting
2026-09-03T15:41:34Z  session C3.1 FAILED: <urlopen error [SSL: CERTIFICATE_VERIFY_FAILED] certificate verify failed: unable to get local issuer certificate (_ssl.c:1082)>
2026-09-03T15:41:34Z  session A1.21 starting
2026-09-03T15:41:35Z  session A1.21 FAILED: <urlopen error [SSL: CERTIFICATE_VERIFY_FAILED] certificate verify failed: unable to get local issuer certificate (_ssl.c:1082)>
2026-09-03T15:41:35Z  session C1.14 starting
2026-09-03T15:41:35Z  session C1.14 FAILED: <urlopen error [SSL: CERTIFICATE_VERIFY_FAILED] certificate verify failed: unable to get local issuer certificate (_ssl.c:1082)>
2026-09-03T15:41:35Z  session C1.15 starting
2026-09-03T15:41:35Z  session C1.15 FAILED: <urlopen error [SSL: CERTIFICATE_VERIFY_FAILED] certificate verify failed: unable to get local issuer certificate (_ssl.c:1082)>
2026-09-03T15:41:35Z  session A1.15 starting
2026-09-03T15:41:35Z  session A1.15 FAILED: <urlopen error [SSL: CERTIFICATE_VERIFY_FAILED] certificate verify failed: unable to get local issuer certificate (_ssl.c:1082)>
2026-09-03T15:41:35Z  session A3.12 starting
2026-09-03T15:41:35Z  session A3.12 FAILED: <urlopen error [SSL: CERTIFICATE_VERIFY_FAILED] certificate verify failed: unable to get local issuer certificate (_ssl.c:1082)>
2026-09-03T15:41:35Z  session B2.16 starting
2026-09-03T15:41:36Z  session B2.16 FAILED: <urlopen error [SSL: CERTIFICATE_VERIFY_FAILED] certificate verify failed: unable to get local issuer certificate (_ssl.c:1082)>
2026-09-03T15:41:36Z  session A1.10 starting
2026-09-03T15:41:36Z  session A1.10 FAILED: <urlopen error [SSL: CERTIFICATE_VERIFY_FAILED] certificate verify failed: unable to get local issuer certificate (_ssl.c:1082)>
2026-09-03T15:41:36Z  session A3.3 starting
2026-09-03T15:41:36Z  session A3.3 FAILED: <urlopen error [SSL: CERTIFICATE_VERIFY_FAILED] certificate verify failed: unable to get local issuer certificate (_ssl.c:1082)>
2026-09-03T15:41:36Z  session A3.11 starting
2026-09-03T15:41:36Z  session A3.11 FAILED: <urlopen error [SSL: CERTIFICATE_VERIFY_FAILED] certificate verify failed: unable to get local issuer certificate (_ssl.c:1082)>
2026-09-03T15:41:36Z  session A1.1 starting
2026-09-03T15:41:36Z  session A1.1 FAILED: <urlopen error [SSL: CERTIFICATE_VERIFY_FAILED] certificate verify failed: unable to get local issuer certificate (_ssl.c:1082)>
2026-09-03T15:41:36Z  session B1.11 starting
2026-09-03T15:41:37Z  session B1.11 FAILED: <urlopen error [SSL: CERTIFICATE_VERIFY_FAILED] certificate verify failed: unable to get local issuer certificate (_ssl.c:1082)>
2026-09-03T15:41:37Z  session B2.13 starting
2026-09-03T15:41:37Z  session B2.13 FAILED: <urlopen error [SSL: CERTIFICATE_VERIFY_FAILED] certificate verify failed: unable to get local issuer certificate (_ssl.c:1082)>
2026-09-03T15:41:37Z  session A3.9 starting
2026-09-03T15:41:37Z  session A3.9 FAILED: <urlopen error [SSL: CERTIFICATE_VERIFY_FAILED] certificate verify failed: unable to get local issuer certificate (_ssl.c:1082)>
2026-09-03T15:41:37Z  session A2.20 starting
2026-09-03T15:41:37Z  session A2.20 FAILED: <urlopen error [SSL: CERTIFICATE_VERIFY_FAILED] certificate verify failed: unable to get local issuer certificate (_ssl.c:1082)>
2026-09-03T15:41:37Z  session C1.16 starting
2026-09-03T15:41:37Z  session C1.16 FAILED: <urlopen error [SSL: CERTIFICATE_VERIFY_FAILED] certificate verify failed: unable to get local issuer certificate (_ssl.c:1082)>
2026-09-03T15:41:37Z  session B2.21 starting
2026-09-03T15:41:38Z  session B2.21 FAILED: <urlopen error [SSL: CERTIFICATE_VERIFY_FAILED] certificate verify failed: unable to get local issuer certificate (_ssl.c:1082)>
2026-09-03T15:41:38Z  session A3.2 starting
2026-09-03T15:41:38Z  session A3.2 FAILED: <urlopen error [SSL: CERTIFICATE_VERIFY_FAILED] certificate verify failed: unable to get local issuer certificate (_ssl.c:1082)>
2026-09-03T15:41:38Z  session B3.17 starting
2026-09-03T15:41:38Z  session B3.17 FAILED: <urlopen error [SSL: CERTIFICATE_VERIFY_FAILED] certificate verify failed: unable to get local issuer certificate (_ssl.c:1082)>
2026-09-03T15:41:38Z  session C2.16 starting
2026-09-03T15:41:39Z  session C2.16 FAILED: <urlopen error [SSL: CERTIFICATE_VERIFY_FAILED] certificate verify failed: unable to get local issuer certificate (_ssl.c:1082)>
2026-09-03T15:41:39Z  session C3.19 starting
2026-09-03T15:41:39Z  session C3.19 FAILED: <urlopen error [SSL: CERTIFICATE_VERIFY_FAILED] certificate verify failed: unable to get local issuer certificate (_ssl.c:1082)>
2026-09-03T15:41:39Z  session A2.4 starting
2026-09-03T15:41:39Z  session A2.4 FAILED: <urlopen error [SSL: CERTIFICATE_VERIFY_FAILED] certificate verify failed: unable to get local issuer certificate (_ssl.c:1082)>
2026-09-03T15:41:39Z  session B2.20 starting
2026-09-03T15:41:39Z  session B2.20 FAILED: <urlopen error [SSL: CERTIFICATE_VERIFY_FAILED] certificate verify failed: unable to get local issuer certificate (_ssl.c:1082)>
2026-09-03T15:41:39Z  session C2.6 starting
2026-09-03T15:41:39Z  session C2.6 FAILED: <urlopen error [SSL: CERTIFICATE_VERIFY_FAILED] certificate verify failed: unable to get local issuer certificate (_ssl.c:1082)>
2026-09-03T15:41:39Z  session A3.18 starting
2026-09-03T15:41:40Z  session A3.18 FAILED: <urlopen error [SSL: CERTIFICATE_VERIFY_FAILED] certificate verify failed: unable to get local issuer certificate (_ssl.c:1082)>
2026-09-03T15:41:40Z  session C3.4 starting
2026-09-03T15:41:40Z  session C3.4 FAILED: <urlopen error [SSL: CERTIFICATE_VERIFY_FAILED] certificate verify failed: unable to get local issuer certificate (_ssl.c:1082)>
2026-09-03T15:41:40Z  session B2.17 starting
2026-09-03T15:41:40Z  session B2.17 FAILED: <urlopen error [SSL: CERTIFICATE_VERIFY_FAILED] certificate verify failed: unable to get local issuer certificate (_ssl.c:1082)>
2026-09-03T15:41:40Z  session B1.15 starting
2026-09-03T15:41:40Z  session B1.15 FAILED: <urlopen error [SSL: CERTIFICATE_VERIFY_FAILED] certificate verify failed: unable to get local issuer certificate (_ssl.c:1082)>
2026-09-03T15:41:40Z  session A3.14 starting
2026-09-03T15:41:40Z  session A3.14 FAILED: <urlopen error [SSL: CERTIFICATE_VERIFY_FAILED] certificate verify failed: unable to get local issuer certificate (_ssl.c:1082)>
2026-09-03T15:41:40Z  session C1.21 starting
2026-09-03T15:41:40Z  session C1.21 FAILED: <urlopen error [SSL: CERTIFICATE_VERIFY_FAILED] certificate verify failed: unable to get local issuer certificate (_ssl.c:1082)>
2026-09-03T15:41:40Z  session C2.9 starting
2026-09-03T15:41:41Z  session C2.9 FAILED: <urlopen error [SSL: CERTIFICATE_VERIFY_FAILED] certificate verify failed: unable to get local issuer certificate (_ssl.c:1082)>
2026-09-03T15:41:41Z  session C3.8 starting
2026-09-03T15:41:41Z  session C3.8 FAILED: <urlopen error [SSL: CERTIFICATE_VERIFY_FAILED] certificate verify failed: unable to get local issuer certificate (_ssl.c:1082)>
2026-09-03T15:41:41Z  session C2.14 starting
2026-09-03T15:41:41Z  session C2.14 FAILED: <urlopen error [SSL: CERTIFICATE_VERIFY_FAILED] certificate verify failed: unable to get local issuer certificate (_ssl.c:1082)>
2026-09-03T15:41:41Z  session B2.11 starting
2026-09-03T15:41:41Z  session B2.11 FAILED: <urlopen error [SSL: CERTIFICATE_VERIFY_FAILED] certificate verify failed: unable to get local issuer certificate (_ssl.c:1082)>
2026-09-03T15:41:41Z  session B1.22 starting
2026-09-03T15:41:41Z  session B1.22 FAILED: <urlopen error [SSL: CERTIFICATE_VERIFY_FAILED] certificate verify failed: unable to get local issuer certificate (_ssl.c:1082)>
2026-09-03T15:41:41Z  session B2.9 starting
2026-09-03T15:41:42Z  session B2.9 FAILED: <urlopen error [SSL: CERTIFICATE_VERIFY_FAILED] certificate verify failed: unable to get local issuer certificate (_ssl.c:1082)>
2026-09-03T15:41:42Z  session C3.2 starting
2026-09-03T15:41:42Z  session C3.2 FAILED: <urlopen error [SSL: CERTIFICATE_VERIFY_FAILED] certificate verify failed: unable to get local issuer certificate (_ssl.c:1082)>
2026-09-03T15:41:42Z  session A1.9 starting
2026-09-03T15:41:42Z  session A1.9 FAILED: <urlopen error [SSL: CERTIFICATE_VERIFY_FAILED] certificate verify failed: unable to get local issuer certificate (_ssl.c:1082)>
2026-09-03T15:41:42Z  session A1.17 starting
2026-09-03T15:41:42Z  session A1.17 FAILED: <urlopen error [SSL: CERTIFICATE_VERIFY_FAILED] certificate verify failed: unable to get local issuer certificate (_ssl.c:1082)>
2026-09-03T15:41:42Z  session A2.6 starting
2026-09-03T15:41:43Z  session A2.6 FAILED: <urlopen error [SSL: CERTIFICATE_VERIFY_FAILED] certificate verify failed: unable to get local issuer certificate (_ssl.c:1082)>
2026-09-03T15:41:43Z  session C1.3 starting
2026-09-03T15:41:43Z  session C1.3 FAILED: <urlopen error [SSL: CERTIFICATE_VERIFY_FAILED] certificate verify failed: unable to get local issuer certificate (_ssl.c:1082)>
2026-09-03T15:41:43Z  session A2.22 starting
2026-09-03T15:41:43Z  session A2.22 FAILED: <urlopen error [SSL: CERTIFICATE_VERIFY_FAILED] certificate verify failed: unable to get local issuer certificate (_ssl.c:1082)>
2026-09-03T15:41:43Z  session C1.17 starting
2026-09-03T15:41:44Z  session C1.17 FAILED: <urlopen error [SSL: CERTIFICATE_VERIFY_FAILED] certificate verify failed: unable to get local issuer certificate (_ssl.c:1082)>
2026-09-03T15:41:44Z  session C2.8 starting
2026-09-03T15:41:44Z  session C2.8 FAILED: <urlopen error [SSL: CERTIFICATE_VERIFY_FAILED] certificate verify failed: unable to get local issuer certificate (_ssl.c:1082)>
2026-09-03T15:41:44Z  session B3.11 starting
2026-09-03T15:41:44Z  session B3.11 FAILED: <urlopen error [SSL: CERTIFICATE_VERIFY_FAILED] certificate verify failed: unable to get local issuer certificate (_ssl.c:1082)>
2026-09-03T15:41:44Z  session A3.7 starting
2026-09-03T15:41:44Z  session A3.7 FAILED: <urlopen error [SSL: CERTIFICATE_VERIFY_FAILED] certificate verify failed: unable to get local issuer certificate (_ssl.c:1082)>
2026-09-03T15:41:44Z  session C1.8 starting
2026-09-03T15:41:45Z  session C1.8 FAILED: <urlopen error [SSL: CERTIFICATE_VERIFY_FAILED] certificate verify failed: unable to get local issuer certificate (_ssl.c:1082)>
2026-09-03T15:41:45Z  session B1.14 starting
2026-09-03T15:41:45Z  session B1.14 FAILED: <urlopen error [SSL: CERTIFICATE_VERIFY_FAILED] certificate verify failed: unable to get local issuer certificate (_ssl.c:1082)>
2026-09-03T15:41:45Z  session B3.7 starting
2026-09-03T15:41:45Z  session B3.7 FAILED: <urlopen error [SSL: CERTIFICATE_VERIFY_FAILED] certificate verify failed: unable to get local issuer certificate (_ssl.c:1082)>
2026-09-03T15:41:45Z  session C3.11 starting
2026-09-03T15:41:45Z  session C3.11 FAILED: <urlopen error [SSL: CERTIFICATE_VERIFY_FAILED] certificate verify failed: unable to get local issuer certificate (_ssl.c:1082)>
2026-09-03T15:41:45Z  session B3.8 starting
2026-09-03T15:41:45Z  session B3.8 FAILED: <urlopen error [SSL: CERTIFICATE_VERIFY_FAILED] certificate verify failed: unable to get local issuer certificate (_ssl.c:1082)>
2026-09-03T15:41:45Z  session B3.12 starting
2026-09-03T15:41:45Z  session B3.12 FAILED: <urlopen error [SSL: CERTIFICATE_VERIFY_FAILED] certificate verify failed: unable to get local issuer certificate (_ssl.c:1082)>
2026-09-03T15:41:45Z  session C2.18 starting
2026-09-03T15:41:45Z  session C2.18 FAILED: <urlopen error [SSL: CERTIFICATE_VERIFY_FAILED] certificate verify failed: unable to get local issuer certificate (_ssl.c:1082)>
2026-09-03T15:41:45Z  session B3.5 starting
2026-09-03T15:41:45Z  session B3.5 FAILED: <urlopen error [SSL: CERTIFICATE_VERIFY_FAILED] certificate verify failed: unable to get local issuer certificate (_ssl.c:1082)>
2026-09-03T15:41:45Z  session C3.3 starting
2026-09-03T15:41:46Z  session C3.3 FAILED: <urlopen error [SSL: CERTIFICATE_VERIFY_FAILED] certificate verify failed: unable to get local issuer certificate (_ssl.c:1082)>
2026-09-03T15:41:46Z  session C2.5 starting
2026-09-03T15:41:46Z  session C2.5 FAILED: <urlopen error [SSL: CERTIFICATE_VERIFY_FAILED] certificate verify failed: unable to get local issuer certificate (_ssl.c:1082)>
2026-09-03T15:41:46Z  session A1.5 starting
2026-09-03T15:41:46Z  session A1.5 FAILED: <urlopen error [SSL: CERTIFICATE_VERIFY_FAILED] certificate verify failed: unable to get local issuer certificate (_ssl.c:1082)>
2026-09-03T15:41:46Z  session B2.3 starting
2026-09-03T15:41:46Z  session B2.3 FAILED: <urlopen error [SSL: CERTIFICATE_VERIFY_FAILED] certificate verify failed: unable to get local issuer certificate (_ssl.c:1082)>
2026-09-03T15:41:46Z  session C1.6 starting
2026-09-03T15:41:46Z  session C1.6 FAILED: <urlopen error [SSL: CERTIFICATE_VERIFY_FAILED] certificate verify failed: unable to get local issuer certificate (_ssl.c:1082)>
2026-09-03T15:41:46Z  session A2.1 starting
2026-09-03T15:41:49Z  session A2.1 FAILED: <urlopen error [SSL: CERTIFICATE_VERIFY_FAILED] certificate verify failed: unable to get local issuer certificate (_ssl.c:1082)>
2026-09-03T15:41:49Z  session C1.13 starting
2026-09-03T15:41:49Z  session C1.13 FAILED: <urlopen error [SSL: CERTIFICATE_VERIFY_FAILED] certificate verify failed: unable to get local issuer certificate (_ssl.c:1082)>
2026-09-03T15:41:49Z  session A1.6 starting
2026-09-03T15:41:49Z  session A1.6 FAILED: <urlopen error [SSL: CERTIFICATE_VERIFY_FAILED] certificate verify failed: unable to get local issuer certificate (_ssl.c:1082)>
2026-09-03T15:41:49Z  session B2.5 starting
2026-09-03T15:41:49Z  session B2.5 FAILED: <urlopen error [SSL: CERTIFICATE_VERIFY_FAILED] certificate verify failed: unable to get local issuer certificate (_ssl.c:1082)>
2026-09-03T15:41:49Z  session C3.16 starting
2026-09-03T15:41:49Z  session C3.16 FAILED: <urlopen error [SSL: CERTIFICATE_VERIFY_FAILED] certificate verify failed: unable to get local issuer certificate (_ssl.c:1082)>
2026-09-03T15:41:49Z  session C2.3 starting
2026-09-03T15:41:50Z  session C2.3 FAILED: <urlopen error [SSL: CERTIFICATE_VERIFY_FAILED] certificate verify failed: unable to get local issuer certificate (_ssl.c:1082)>
2026-09-03T15:41:50Z  session B1.5 starting
2026-09-03T15:41:50Z  session B1.5 FAILED: <urlopen error [SSL: CERTIFICATE_VERIFY_FAILED] certificate verify failed: unable to get local issuer certificate (_ssl.c:1082)>
2026-09-03T15:41:50Z  end: 0 of 198 on disk
2026-09-03T15:52:41Z  start: 198 planned, 0 already on disk
2026-09-03T15:52:41Z  session A3.10 starting
2026-09-03T15:53:41Z  session A3.10 written (10 turns)
2026-09-03T15:53:41Z  session A2.18 starting
2026-09-03T15:54:54Z  session A2.18 written (10 turns)
2026-09-03T15:54:54Z  session B3.4 starting
2026-09-03T15:55:27Z  session B3.4 written (9 turns)
2026-09-03T15:55:27Z  session B1.3 starting
2026-09-03T15:56:23Z  session B1.3 written (11 turns)
2026-09-03T15:56:23Z  stopped at --limit 4
2026-09-03T15:56:23Z  end: 4 of 198 on disk
