2026-09-04T03:44:30Z  start: 264 planned, 0 already on disk
2026-09-04T03:44:30Z  session A4.12 starting
2026-09-04T03:45:12Z  session A4.12 written (10 turns)
2026-09-04T03:45:12Z  session A4.3 starting
2026-09-04T03:45:47Z  session A4.3 written (10 turns)
2026-09-04T03:45:47Z  session A2.15 starting
2026-09-04T03:47:00Z  session A2.15 written (10 turns)
2026-09-04T03:47:00Z  session C3.14 starting
2026-09-04T03:47:34Z  session C3.14 written (11 turns)
2026-09-04T03:47:34Z  session A2.2 starting
2026-09-04T03:48:31Z  session A2.2 written (10 turns)
2026-09-04T03:48:31Z  session C3.3 starting
2026-09-04T03:49:14Z  session C3.3 written (11 turns)
2026-09-04T03:49:14Z  session A4.17 starting
2026-09-04T03:49:51Z  session A4.17 written (10 turns)
2026-09-04T03:49:51Z  session B4.20 starting
2026-09-04T03:50:24Z  session B4.20 written (11 turns)
2026-09-04T03:50:24Z  session A3.22 starting
2026-09-04T03:51:23Z  session A3.22 written (10 turns)
2026-09-04T03:51:23Z  session A2.17 starting
2026-09-04T03:52:53Z  session A2.17 written (10 turns)
2026-09-04T03:52:53Z  session C1.19 starting
2026-09-04T03:54:15Z  session C1.19 written (11 turns)
2026-09-04T03:54:15Z  session B1.8 starting
2026-09-04T03:54:50Z  session B1.8 written (11 turns)
2026-09-04T03:54:50Z  session B4.11 starting
2026-09-04T03:55:24Z  session B4.11 written (11 turns)
2026-09-04T03:55:24Z  session A4.6 starting
2026-09-04T03:56:04Z  session A4.6 written (10 turns)
2026-09-04T03:56:04Z  session B4.15 starting
2026-09-04T03:56:40Z  session B4.15 written (11 turns)
2026-09-04T03:56:40Z  session C1.9 starting
2026-09-04T03:57:50Z  session C1.9 written (11 turns)
2026-09-04T03:57:50Z  session C3.2 starting
2026-09-04T03:58:45Z  session C3.2 written (11 turns)
2026-09-04T03:58:45Z  session A2.13 starting
2026-09-04T03:59:56Z  session A2.13 written (10 turns)
2026-09-04T03:59:56Z  session B1.10 starting
2026-09-04T04:00:54Z  session B1.10 written (11 turns)
2026-09-04T04:00:54Z  session C2.10 starting
2026-09-04T04:01:52Z  session C2.10 written (11 turns)
2026-09-04T04:01:52Z  session A4.20 starting
2026-09-04T04:03:00Z  session A4.20 written (10 turns)
2026-09-04T04:03:00Z  session C3.4 starting
2026-09-04T04:03:43Z  session C3.4 written (11 turns)
2026-09-04T04:03:43Z  session C2.8 starting
2026-09-04T04:05:03Z  session C2.8 written (11 turns)
2026-09-04T04:05:03Z  session A1.20 starting
2026-09-04T04:06:04Z  session A1.20 written (10 turns)
2026-09-04T04:06:04Z  session A1.6 starting
2026-09-04T04:07:09Z  session A1.6 written (10 turns)
2026-09-04T04:07:09Z  session A3.1 starting
2026-09-04T04:07:50Z  session A3.1 written (10 turns)
2026-09-04T04:07:50Z  session C2.13 starting
2026-09-04T04:09:15Z  session C2.13 written (11 turns)
2026-09-04T04:09:15Z  session B4.5 starting
2026-09-04T04:09:52Z  session B4.5 written (11 turns)
2026-09-04T04:09:52Z  session A1.19 starting
2026-09-04T04:10:58Z  session A1.19 written (10 turns)
2026-09-04T04:10:58Z  session B1.4 starting
2026-09-04T04:11:50Z  session B1.4 written (11 turns)
2026-09-04T04:11:50Z  session B2.5 starting
2026-09-04T04:12:29Z  session B2.5 written (11 turns)
2026-09-04T04:12:29Z  session C1.15 starting
2026-09-04T04:13:49Z  session C1.15 written (11 turns)
2026-09-04T04:13:49Z  session B1.2 starting
2026-09-04T04:14:39Z  session B1.2 written (11 turns)
2026-09-04T04:14:39Z  session B3.1 starting
2026-09-04T04:15:13Z  session B3.1 written (11 turns)
2026-09-04T04:15:13Z  session A3.10 starting
2026-09-04T04:16:10Z  session A3.10 written (10 turns)
2026-09-04T04:16:10Z  session C1.18 starting
2026-09-04T04:17:43Z  session C1.18 written (11 turns)
2026-09-04T04:17:43Z  session B2.21 starting
2026-09-04T04:18:20Z  session B2.21 written (11 turns)
2026-09-04T04:18:20Z  session B2.2 starting
2026-09-04T04:18:59Z  session B2.2 written (11 turns)
2026-09-04T04:18:59Z  session C3.20 starting
2026-09-04T04:19:49Z  session C3.20 written (11 turns)
2026-09-04T04:19:49Z  session B4.1 starting
2026-09-04T04:20:30Z  session B4.1 written (11 turns)
2026-09-04T04:20:30Z  session C3.13 starting
2026-09-04T04:21:16Z  session C3.13 written (11 turns)
2026-09-04T04:21:16Z  session A1.8 starting
2026-09-04T04:22:13Z  session A1.8 written (10 turns)
2026-09-04T04:22:13Z  session A3.19 starting
2026-09-04T04:23:00Z  session A3.19 written (10 turns)
2026-09-04T04:23:00Z  session B3.7 starting
2026-09-04T04:23:28Z  session B3.7 written (11 turns)
2026-09-04T04:23:28Z  session A1.13 starting
2026-09-04T04:24:40Z  session A1.13 written (10 turns)
2026-09-04T04:24:40Z  session A2.3 starting
2026-09-04T04:25:38Z  session A2.3 written (10 turns)
2026-09-04T04:25:38Z  session C2.19 starting
2026-09-04T04:26:37Z  session C2.19 written (11 turns)
2026-09-04T04:26:37Z  session A1.5 starting
2026-09-04T04:27:46Z  session A1.5 written (10 turns)
2026-09-04T04:27:46Z  session C4.22 starting
2026-09-04T04:28:34Z  session C4.22 written (11 turns)
2026-09-04T04:28:34Z  session C1.13 starting
2026-09-04T04:29:55Z  session C1.13 written (11 turns)
2026-09-04T04:29:55Z  session A1.14 starting
2026-09-04T04:31:06Z  session A1.14 written (10 turns)
2026-09-04T04:31:06Z  session C4.14 starting
2026-09-04T04:31:53Z  session C4.14 written (11 turns)
2026-09-04T04:31:53Z  session C4.9 starting
2026-09-04T04:32:37Z  session C4.9 written (11 turns)
2026-09-04T04:32:37Z  session B2.13 starting
2026-09-04T04:33:16Z  session B2.13 written (11 turns)
2026-09-04T04:33:16Z  session A1.16 starting
2026-09-04T04:34:36Z  session A1.16 written (10 turns)
2026-09-04T04:34:36Z  session A4.1 starting
2026-09-04T04:35:19Z  session A4.1 written (10 turns)
2026-09-04T04:35:19Z  session A4.9 starting
2026-09-04T04:36:00Z  session A4.9 written (10 turns)
2026-09-04T04:36:00Z  session C1.14 starting
2026-09-04T04:36:54Z  session C1.14 written (11 turns)
2026-09-04T04:36:54Z  session B4.10 starting
2026-09-04T04:37:28Z  session B4.10 written (11 turns)
2026-09-04T04:37:28Z  session B1.1 starting
2026-09-04T04:38:15Z  session B1.1 written (11 turns)
2026-09-04T04:38:15Z  session B1.19 starting
2026-09-04T04:39:29Z  session B1.19 written (11 turns)
2026-09-04T04:39:29Z  session A2.9 starting
2026-09-04T04:40:41Z  session A2.9 written (10 turns)
2026-09-04T04:40:41Z  session C2.18 starting
2026-09-04T04:42:02Z  session C2.18 written (11 turns)
2026-09-04T04:42:02Z  session A4.16 starting
2026-09-04T04:43:10Z  session A4.16 written (10 turns)
2026-09-04T04:43:10Z  session B3.22 starting
2026-09-04T04:43:43Z  session B3.22 written (11 turns)
2026-09-04T04:43:43Z  session C3.12 starting
2026-09-04T04:44:27Z  session C3.12 written (11 turns)
2026-09-04T04:44:27Z  session C2.3 starting
2026-09-04T04:45:32Z  session C2.3 written (11 turns)
2026-09-04T04:45:32Z  session C1.8 starting
2026-09-04T04:46:54Z  session C1.8 written (11 turns)
2026-09-04T04:46:54Z  session C3.7 starting
2026-09-04T04:47:40Z  session C3.7 written (11 turns)
2026-09-04T04:47:40Z  session B4.22 starting
2026-09-04T04:48:18Z  session B4.22 written (11 turns)
2026-09-04T04:48:18Z  session B2.8 starting
2026-09-04T04:48:50Z  session B2.8 written (11 turns)
2026-09-04T04:48:50Z  session A3.5 starting
2026-09-04T04:49:43Z  session A3.5 written (10 turns)
2026-09-04T04:49:43Z  session A4.7 starting
2026-09-04T04:50:22Z  session A4.7 written (10 turns)
2026-09-04T04:50:22Z  session B2.22 starting
2026-09-04T04:51:01Z  session B2.22 written (11 turns)
2026-09-04T04:51:01Z  session A3.15 starting
2026-09-04T04:51:57Z  session A3.15 written (10 turns)
2026-09-04T04:51:57Z  session B3.20 starting
2026-09-04T04:52:14Z  session B3.20 written (9 turns)
2026-09-04T04:52:14Z  session C4.20 starting
2026-09-04T04:53:18Z  session C4.20 written (11 turns)
2026-09-04T04:53:18Z  session A2.7 starting
2026-09-04T04:54:26Z  session A2.7 written (10 turns)
2026-09-04T04:54:26Z  session C1.6 starting
2026-09-04T04:55:55Z  session C1.6 written (11 turns)
2026-09-04T04:55:55Z  session A4.13 starting
2026-09-04T04:56:28Z  session A4.13 written (10 turns)
2026-09-04T04:56:28Z  session B1.12 starting
2026-09-04T04:57:23Z  session B1.12 written (11 turns)
2026-09-04T04:57:23Z  session A1.7 starting
2026-09-04T04:58:30Z  session A1.7 written (10 turns)
2026-09-04T04:58:30Z  session C2.6 starting
2026-09-04T04:59:41Z  session C2.6 written (11 turns)
2026-09-04T04:59:41Z  session C3.9 starting
2026-09-04T05:00:36Z  session C3.9 written (11 turns)
2026-09-04T05:00:36Z  session A1.12 starting
2026-09-04T05:01:48Z  session A1.12 written (10 turns)
2026-09-04T05:01:48Z  session B2.16 starting
2026-09-04T05:02:31Z  session B2.16 written (11 turns)
2026-09-04T05:02:31Z  session C2.1 starting
2026-09-04T05:03:47Z  session C2.1 written (11 turns)
2026-09-04T05:03:47Z  session B2.4 starting
2026-09-04T05:04:26Z  session B2.4 written (11 turns)
2026-09-04T05:04:26Z  session C3.8 starting
2026-09-04T05:05:05Z  session C3.8 written (11 turns)
2026-09-04T05:05:05Z  session A4.5 starting
2026-09-04T05:05:37Z  session A4.5 written (10 turns)
2026-09-04T05:05:37Z  session B4.19 starting
2026-09-04T05:06:11Z  session B4.19 written (11 turns)
2026-09-04T05:06:11Z  session A2.1 starting
2026-09-04T05:07:11Z  session A2.1 written (10 turns)
2026-09-04T05:07:11Z  session A2.5 starting
2026-09-04T05:08:13Z  session A2.5 written (10 turns)
2026-09-04T05:08:13Z  session C2.2 starting
2026-09-04T05:09:34Z  session C2.2 written (11 turns)
2026-09-04T05:09:34Z  session C2.14 starting
2026-09-04T05:10:48Z  session C2.14 written (11 turns)
2026-09-04T05:10:48Z  session A2.16 starting
2026-09-04T05:11:49Z  session A2.16 written (10 turns)
2026-09-04T05:11:49Z  session A2.11 starting
2026-09-04T05:12:47Z  session A2.11 written (10 turns)
2026-09-04T05:12:47Z  session C2.17 starting
2026-09-04T05:14:12Z  session C2.17 written (11 turns)
2026-09-04T05:14:12Z  session A2.14 starting
2026-09-04T05:15:19Z  session A2.14 written (10 turns)
2026-09-04T05:15:19Z  session A2.19 starting
2026-09-04T05:16:37Z  session A2.19 written (10 turns)
2026-09-04T05:16:37Z  session A1.2 starting
2026-09-04T05:17:37Z  session A1.2 written (10 turns)
2026-09-04T05:17:37Z  session A3.4 starting
2026-09-04T05:18:24Z  session A3.4 written (10 turns)
2026-09-04T05:18:24Z  session B2.3 starting
2026-09-04T05:19:04Z  session B2.3 written (11 turns)
2026-09-04T05:19:04Z  session C2.21 starting
2026-09-04T05:20:08Z  session C2.21 written (11 turns)
2026-09-04T05:20:08Z  session A2.18 starting
2026-09-04T05:21:14Z  session A2.18 written (10 turns)
2026-09-04T05:21:14Z  session C4.7 starting
2026-09-04T05:22:00Z  session C4.7 written (11 turns)
2026-09-04T05:22:00Z  session B3.5 starting
2026-09-04T05:22:33Z  session B3.5 written (11 turns)
2026-09-04T05:22:33Z  session B2.18 starting
2026-09-04T05:23:26Z  session B2.18 written (11 turns)
2026-09-04T05:23:26Z  session C3.17 starting
2026-09-04T05:24:01Z  session C3.17 written (11 turns)
2026-09-04T05:24:01Z  session C3.6 starting
2026-09-04T05:24:46Z  session C3.6 written (11 turns)
2026-09-04T05:24:46Z  session A4.21 starting
2026-09-04T05:25:32Z  session A4.21 written (10 turns)
2026-09-04T05:25:32Z  session B2.14 starting
2026-09-04T05:26:11Z  session B2.14 written (11 turns)
2026-09-04T05:26:11Z  session C4.12 starting
2026-09-04T05:27:09Z  session C4.12 written (11 turns)
2026-09-04T05:27:09Z  session C3.11 starting
2026-09-04T05:27:42Z  session C3.11 written (11 turns)
2026-09-04T05:27:42Z  session A4.10 starting
2026-09-04T05:28:18Z  session A4.10 written (10 turns)
2026-09-04T05:28:18Z  session A3.20 starting
2026-09-04T05:29:21Z  session A3.20 written (10 turns)
2026-09-04T05:29:21Z  session B3.13 starting
2026-09-04T05:30:01Z  session B3.13 written (11 turns)
2026-09-04T05:30:01Z  session C3.1 starting
2026-09-04T05:30:46Z  session C3.1 written (11 turns)
2026-09-04T05:30:46Z  session B1.15 starting
2026-09-04T05:31:41Z  session B1.15 written (11 turns)
2026-09-04T05:31:41Z  session B4.18 starting
2026-09-04T05:32:14Z  session B4.18 written (11 turns)
2026-09-04T05:32:14Z  session B3.19 starting
2026-09-04T05:32:57Z  session B3.19 written (11 turns)
2026-09-04T05:32:57Z  session C1.4 starting
2026-09-04T05:34:23Z  session C1.4 written (11 turns)
2026-09-04T05:34:23Z  session A4.18 starting
2026-09-04T05:35:48Z  session A4.18 written (10 turns)
2026-09-04T05:35:48Z  session B3.11 starting
2026-09-04T05:36:20Z  session B3.11 written (11 turns)
2026-09-04T05:36:20Z  session A4.2 starting
2026-09-04T05:37:19Z  session A4.2 written (10 turns)
2026-09-04T05:37:19Z  session C1.7 starting
2026-09-04T05:38:33Z  session C1.7 written (11 turns)
2026-09-04T05:38:33Z  session C4.10 starting
2026-09-04T05:39:15Z  session C4.10 written (11 turns)
2026-09-04T05:39:15Z  session A3.6 starting
2026-09-04T05:39:56Z  session A3.6 written (10 turns)
2026-09-04T05:39:56Z  session C4.16 starting
2026-09-04T05:40:45Z  session C4.16 written (11 turns)
2026-09-04T05:40:45Z  session C4.11 starting
2026-09-04T05:41:37Z  session C4.11 written (11 turns)
2026-09-04T05:41:37Z  session C1.12 starting
2026-09-04T05:42:55Z  session C1.12 written (11 turns)
2026-09-04T05:42:55Z  session A2.8 starting
2026-09-04T05:43:59Z  session A2.8 written (10 turns)
2026-09-04T05:43:59Z  session B3.6 starting
2026-09-04T05:44:33Z  session B3.6 written (11 turns)
2026-09-04T05:44:33Z  session A1.22 starting
2026-09-04T05:45:37Z  session A1.22 written (10 turns)
2026-09-04T05:45:37Z  session B1.22 starting
2026-09-04T05:46:36Z  session B1.22 written (11 turns)
2026-09-04T05:46:36Z  session A3.8 starting
2026-09-04T05:47:15Z  session A3.8 written (10 turns)
2026-09-04T05:47:15Z  session C2.15 starting
2026-09-04T05:48:35Z  session C2.15 written (11 turns)
2026-09-04T05:48:35Z  session B3.9 starting
2026-09-04T05:48:54Z  session B3.9 written (9 turns)
2026-09-04T05:48:54Z  session C2.16 starting
2026-09-04T05:50:21Z  session C2.16 written (11 turns)
2026-09-04T05:50:21Z  session B1.3 starting
2026-09-04T05:51:13Z  session B1.3 written (11 turns)
2026-09-04T05:51:13Z  session A2.10 starting
2026-09-04T05:52:14Z  session A2.10 written (10 turns)
2026-09-04T05:52:14Z  session B1.7 starting
2026-09-04T05:53:11Z  session B1.7 written (11 turns)
2026-09-04T05:53:11Z  session C4.4 starting
2026-09-04T05:54:00Z  session C4.4 written (11 turns)
2026-09-04T05:54:00Z  session A4.19 starting
2026-09-04T05:54:43Z  session A4.19 written (10 turns)
2026-09-04T05:54:43Z  session A3.17 starting
2026-09-04T05:55:27Z  session A3.17 written (10 turns)
2026-09-04T05:55:27Z  session A1.3 starting
2026-09-04T05:56:29Z  session A1.3 written (10 turns)
2026-09-04T05:56:29Z  session B4.4 starting
2026-09-04T05:57:11Z  session B4.4 written (11 turns)
2026-09-04T05:57:11Z  session C1.1 starting
2026-09-04T05:58:32Z  session C1.1 written (11 turns)
2026-09-04T05:58:32Z  session B1.14 starting
2026-09-04T05:59:18Z  session B1.14 written (11 turns)
2026-09-04T05:59:18Z  session B4.12 starting
2026-09-04T05:59:52Z  session B4.12 written (11 turns)
2026-09-04T05:59:52Z  session B3.4 starting
2026-09-04T06:00:29Z  session B3.4 written (11 turns)
2026-09-04T06:00:29Z  session C4.15 starting
2026-09-04T06:01:43Z  session C4.15 written (11 turns)
2026-09-04T06:01:43Z  session C1.16 starting
2026-09-04T06:03:15Z  session C1.16 written (11 turns)
2026-09-04T06:03:15Z  session C4.2 starting
2026-09-04T06:04:28Z  session C4.2 written (11 turns)
2026-09-04T06:04:28Z  session B3.18 starting
2026-09-04T06:05:08Z  session B3.18 written (11 turns)
2026-09-04T06:05:08Z  session C1.22 starting
2026-09-04T06:06:36Z  session C1.22 written (11 turns)
2026-09-04T06:06:36Z  session A1.4 starting
2026-09-04T06:07:41Z  session A1.4 written (10 turns)
2026-09-04T06:07:41Z  session A3.16 starting
2026-09-04T06:08:26Z  session A3.16 written (10 turns)
2026-09-04T06:08:26Z  session B2.10 starting
2026-09-04T06:09:01Z  session B2.10 written (11 turns)
2026-09-04T06:09:01Z  session C2.22 starting
2026-09-04T06:10:17Z  session C2.22 written (11 turns)
2026-09-04T06:10:17Z  session B2.9 starting
2026-09-04T06:10:54Z  session B2.9 written (11 turns)
2026-09-04T06:10:54Z  session B2.20 starting
2026-09-04T06:11:32Z  session B2.20 written (11 turns)
2026-09-04T06:11:32Z  session B3.12 starting
2026-09-04T06:12:08Z  session B3.12 written (11 turns)
2026-09-04T06:12:08Z  session B1.6 starting
2026-09-04T06:13:06Z  session B1.6 written (11 turns)
2026-09-04T06:13:06Z  session B3.2 starting
2026-09-04T06:13:19Z  session B3.2 written (9 turns)
2026-09-04T06:13:19Z  session B2.15 starting
2026-09-04T06:14:11Z  session B2.15 written (11 turns)
2026-09-04T06:14:11Z  session B4.3 starting
2026-09-04T06:14:44Z  session B4.3 written (11 turns)
2026-09-04T06:14:44Z  session A4.4 starting
2026-09-04T06:16:07Z  session A4.4 written (10 turns)
2026-09-04T06:16:07Z  session A1.18 starting
2026-09-04T06:17:19Z  session A1.18 written (10 turns)
2026-09-04T06:17:19Z  session C2.5 starting
2026-09-04T06:18:18Z  session C2.5 written (11 turns)
2026-09-04T06:18:18Z  session C2.7 starting
2026-09-04T06:19:26Z  session C2.7 written (11 turns)
2026-09-04T06:19:26Z  session A3.13 starting
2026-09-04T06:20:09Z  session A3.13 written (10 turns)
2026-09-04T06:20:09Z  session B4.14 starting
2026-09-04T06:21:11Z  session B4.14 written (11 turns)
2026-09-04T06:21:11Z  session C1.17 starting
2026-09-04T06:22:41Z  session C1.17 written (11 turns)
2026-09-04T06:22:41Z  session B2.1 starting
2026-09-04T06:23:19Z  session B2.1 written (11 turns)
2026-09-04T06:23:19Z  session C1.2 starting
2026-09-04T06:24:31Z  session C1.2 written (11 turns)
2026-09-04T06:24:31Z  session B1.18 starting
2026-09-04T06:25:26Z  session B1.18 written (11 turns)
2026-09-04T06:25:26Z  session A2.12 starting
2026-09-04T06:26:44Z  session A2.12 written (10 turns)
2026-09-04T06:26:44Z  session B2.6 starting
2026-09-04T06:27:23Z  session B2.6 written (11 turns)
2026-09-04T06:27:23Z  session A4.8 starting
2026-09-04T06:27:57Z  session A4.8 written (10 turns)
2026-09-04T06:27:57Z  session B4.16 starting
2026-09-04T06:28:35Z  session B4.16 written (11 turns)
2026-09-04T06:28:35Z  session A2.21 starting
2026-09-04T06:29:55Z  session A2.21 written (10 turns)
2026-09-04T06:29:55Z  session C1.20 starting
2026-09-04T06:31:27Z  session C1.20 written (11 turns)
2026-09-04T06:31:27Z  session C3.22 starting
2026-09-04T06:31:47Z  session C3.22 written (9 turns)
2026-09-04T06:31:47Z  session B2.19 starting
2026-09-04T06:32:42Z  session B2.19 written (11 turns)
2026-09-04T06:32:42Z  session B4.13 starting
2026-09-04T06:33:20Z  session B4.13 written (11 turns)
2026-09-04T06:33:20Z  session C2.12 starting
2026-09-04T06:34:41Z  session C2.12 written (11 turns)
2026-09-04T06:34:41Z  session A3.21 starting
2026-09-04T06:35:35Z  session A3.21 written (10 turns)
2026-09-04T06:35:35Z  session C4.5 starting
2026-09-04T06:36:28Z  session C4.5 written (11 turns)
2026-09-04T06:36:28Z  session B3.14 starting
2026-09-04T06:36:43Z  session B3.14 written (9 turns)
2026-09-04T06:36:43Z  session C3.21 starting
2026-09-04T06:37:17Z  session C3.21 written (11 turns)
2026-09-04T06:37:17Z  session B3.15 starting
2026-09-04T06:37:52Z  session B3.15 written (11 turns)
2026-09-04T06:37:52Z  session A1.21 starting
2026-09-04T06:38:55Z  session A1.21 written (10 turns)
2026-09-04T06:38:55Z  session C2.9 starting
2026-09-04T06:40:05Z  session C2.9 written (11 turns)
2026-09-04T06:40:05Z  session B4.2 starting
2026-09-04T06:40:40Z  session B4.2 written (11 turns)
2026-09-04T06:40:40Z  session C4.3 starting
2026-09-04T06:41:49Z  session C4.3 written (11 turns)
2026-09-04T06:41:49Z  session A1.15 starting
2026-09-04T06:43:02Z  session A1.15 written (10 turns)
2026-09-04T06:43:02Z  session A3.12 starting
2026-09-04T06:44:01Z  session A3.12 written (10 turns)
2026-09-04T06:44:01Z  session B1.16 starting
2026-09-04T06:45:08Z  session B1.16 written (11 turns)
2026-09-04T06:45:08Z  session A1.10 starting
2026-09-04T06:46:21Z  session A1.10 written (10 turns)
2026-09-04T06:46:21Z  session A3.3 starting
2026-09-04T06:47:39Z  session A3.3 written (10 turns)
2026-09-04T06:47:39Z  session A3.11 starting
2026-09-04T06:48:24Z  session A3.11 written (10 turns)
2026-09-04T06:48:24Z  session A1.1 starting
2026-09-04T06:49:26Z  session A1.1 written (10 turns)
2026-09-04T06:49:26Z  session B4.21 starting
2026-09-04T06:50:12Z  session B4.21 written (11 turns)
2026-09-04T06:50:12Z  session A4.11 starting
2026-09-04T06:50:44Z  session A4.11 written (10 turns)
2026-09-04T06:50:44Z  session B1.13 starting
2026-09-04T06:51:41Z  session B1.13 written (11 turns)
2026-09-04T06:51:41Z  session A3.9 starting
2026-09-04T06:52:31Z  session A3.9 written (10 turns)
2026-09-04T06:52:31Z  session B4.6 starting
2026-09-04T06:53:02Z  session B4.6 written (11 turns)
2026-09-04T06:53:02Z  session A2.20 starting
2026-09-04T06:54:19Z  session A2.20 written (10 turns)
2026-09-04T06:54:19Z  session B3.16 starting
2026-09-04T06:54:57Z  session B3.16 written (11 turns)
2026-09-04T06:54:57Z  session B1.21 starting
2026-09-04T06:55:45Z  session B1.21 written (11 turns)
2026-09-04T06:55:45Z  session C4.19 starting
2026-09-04T06:56:38Z  session C4.19 written (11 turns)
2026-09-04T06:56:38Z  session B2.17 starting
2026-09-04T06:57:23Z  session B2.17 written (11 turns)
2026-09-04T06:57:23Z  session C3.18 starting
2026-09-04T06:57:57Z  session C3.18 written (9 turns)
2026-09-04T06:57:57Z  session B4.7 starting
2026-09-04T06:58:37Z  session B4.7 written (11 turns)
2026-09-04T06:58:37Z  session B1.5 starting
2026-09-04T06:59:28Z  session B1.5 written (11 turns)
2026-09-04T06:59:28Z  session A2.4 starting
2026-09-04T07:00:34Z  session A2.4 written (10 turns)
2026-09-04T07:00:34Z  session C1.11 starting
2026-09-04T07:02:29Z  session C1.11 written (11 turns)
2026-09-04T07:02:29Z  session B1.20 starting
2026-09-04T07:03:59Z  session B1.20 written (11 turns)
2026-09-04T07:03:59Z  session C3.5 starting
2026-09-04T07:04:47Z  session C3.5 written (11 turns)
2026-09-04T07:04:47Z  session A3.18 starting
2026-09-04T07:05:38Z  session A3.18 written (10 turns)
2026-09-04T07:05:38Z  session C4.8 starting
2026-09-04T07:06:27Z  session C4.8 written (11 turns)
2026-09-04T07:06:27Z  session C1.21 starting
2026-09-04T07:07:50Z  session C1.21 written (11 turns)
2026-09-04T07:07:50Z  session B1.17 starting
2026-09-04T07:08:40Z  session B1.17 written (11 turns)
2026-09-04T07:08:40Z  session A4.15 starting
2026-09-04T07:09:14Z  session A4.15 written (10 turns)
2026-09-04T07:09:14Z  session A3.14 starting
2026-09-04T07:10:01Z  session A3.14 written (10 turns)
2026-09-04T07:10:01Z  session C4.13 starting
2026-09-04T07:11:04Z  session C4.13 written (11 turns)
2026-09-04T07:11:04Z  session B4.17 starting
2026-09-04T07:11:37Z  session B4.17 written (11 turns)
2026-09-04T07:11:37Z  session B3.21 starting
2026-09-04T07:11:59Z  session B3.21 written (9 turns)
2026-09-04T07:11:59Z  session B4.9 starting
2026-09-04T07:12:41Z  session B4.9 written (11 turns)
2026-09-04T07:12:41Z  session B2.12 starting
2026-09-04T07:13:40Z  session B2.12 written (11 turns)
2026-09-04T07:13:40Z  session C2.4 starting
2026-09-04T07:15:06Z  session C2.4 written (11 turns)
2026-09-04T07:15:06Z  session C3.16 starting
2026-09-04T07:16:02Z  session C3.16 written (11 turns)
2026-09-04T07:16:02Z  session B1.11 starting
2026-09-04T07:16:51Z  session B1.11 written (11 turns)
2026-09-04T07:16:51Z  session A4.22 starting
2026-09-04T07:17:20Z  session A4.22 written (10 turns)
2026-09-04T07:17:20Z  session B1.9 starting
2026-09-04T07:18:12Z  session B1.9 written (11 turns)
2026-09-04T07:18:12Z  session C4.6 starting
2026-09-04T07:19:18Z  session C4.6 written (11 turns)
2026-09-04T07:19:18Z  session C4.17 starting
2026-09-04T07:20:33Z  session C4.17 written (11 turns)
2026-09-04T07:20:33Z  session A1.17 starting
2026-09-04T07:21:51Z  session A1.17 written (10 turns)
2026-09-04T07:21:51Z  session A2.6 starting
2026-09-04T07:22:56Z  session A2.6 written (10 turns)
2026-09-04T07:22:56Z  session B3.3 starting
2026-09-04T07:23:46Z  session B3.3 written (11 turns)
2026-09-04T07:23:46Z  session A2.22 starting
2026-09-04T07:25:02Z  session A2.22 written (10 turns)
2026-09-04T07:25:02Z  session B3.17 starting
2026-09-04T07:26:14Z  session B3.17 written (11 turns)
2026-09-04T07:26:14Z  session C4.18 starting
2026-09-04T07:27:07Z  session C4.18 written (11 turns)
2026-09-04T07:27:07Z  session C2.11 starting
2026-09-04T07:28:23Z  session C2.11 written (11 turns)
2026-09-04T07:28:23Z  session B4.8 starting
2026-09-04T07:28:58Z  session B4.8 written (11 turns)
2026-09-04T07:28:58Z  session B2.11 starting
2026-09-04T07:29:44Z  session B2.11 written (11 turns)
2026-09-04T07:29:44Z  session A3.7 starting
2026-09-04T07:30:53Z  session A3.7 written (10 turns)
2026-09-04T07:30:53Z  session B3.8 starting
2026-09-04T07:31:15Z  session B3.8 written (9 turns)
2026-09-04T07:31:15Z  session A4.14 starting
2026-09-04T07:31:50Z  session A4.14 written (10 turns)
2026-09-04T07:31:50Z  session C2.20 starting
2026-09-04T07:33:09Z  session C2.20 written (11 turns)
2026-09-04T07:33:09Z  session B2.7 starting
2026-09-04T07:34:09Z  session B2.7 written (11 turns)
2026-09-04T07:34:09Z  session C4.21 starting
2026-09-04T07:34:59Z  session C4.21 written (11 turns)
2026-09-04T07:34:59Z  session C3.19 starting
2026-09-04T07:35:39Z  session C3.19 written (11 turns)
2026-09-04T07:35:39Z  session C1.3 starting
2026-09-04T07:36:55Z  session C1.3 written (11 turns)
2026-09-04T07:36:55Z  session C3.15 starting
2026-09-04T07:38:00Z  session C3.15 written (11 turns)
2026-09-04T07:38:00Z  session C4.1 starting
2026-09-04T07:38:55Z  session C4.1 written (11 turns)
2026-09-04T07:38:55Z  session C3.10 starting
2026-09-04T07:39:47Z  session C3.10 written (11 turns)
2026-09-04T07:39:47Z  session A1.9 starting
2026-09-04T07:40:56Z  session A1.9 written (10 turns)
2026-09-04T07:40:56Z  session C1.5 starting
2026-09-04T07:42:21Z  session C1.5 written (11 turns)
2026-09-04T07:42:21Z  session A3.2 starting
2026-09-04T07:43:13Z  session A3.2 written (10 turns)
2026-09-04T07:43:13Z  session A1.11 starting
2026-09-04T07:44:15Z  session A1.11 written (10 turns)
2026-09-04T07:44:15Z  session C1.10 starting
2026-09-04T07:45:55Z  session C1.10 written (11 turns)
2026-09-04T07:45:55Z  session B3.10 starting
2026-09-04T07:46:28Z  session B3.10 written (11 turns)
2026-09-04T07:46:28Z  end: 264 of 264 on disk
