2026-09-23T21:29:33Z  start: 264 planned
2026-09-23T21:29:33Z  session B4.59 starting
2026-09-23T21:30:50Z  session B4.59 written (15 turns; withheld 2 questions, 0 answers)
2026-09-23T21:30:50Z  session B4.82 starting
2026-09-23T21:32:19Z  session B4.82 written (15 turns; withheld 2 questions, 0 answers)
2026-09-23T21:32:19Z  session A4.2 starting
2026-09-23T21:32:59Z  session A4.2 written (13 turns; withheld 2 questions, 0 answers)
2026-09-23T21:32:59Z  session A4.56 starting
2026-09-23T21:34:19Z  session A4.56 written (14 turns; withheld 2 questions, 0 answers)
2026-09-23T21:34:19Z  session A4.13 starting
2026-09-23T21:35:25Z  session A4.13 written (14 turns; withheld 2 questions, 0 answers)
2026-09-23T21:35:25Z  session B4.5 starting
2026-09-23T21:35:59Z  session B4.5 written (14 turns; withheld 2 questions, 0 answers)
2026-09-23T21:35:59Z  session A4.86 starting
2026-09-23T21:37:17Z  session A4.86 written (14 turns; withheld 2 questions, 0 answers)
2026-09-23T21:37:17Z  session C4.55 starting
2026-09-23T21:38:01Z  session C4.55 written (14 turns; withheld 2 questions, 0 answers)
2026-09-23T21:38:01Z  session C4.63 starting
2026-09-23T21:39:42Z  session C4.63 written (15 turns; withheld 2 questions, 3 answers)
2026-09-23T21:39:42Z  session C4.23 starting
2026-09-23T21:40:33Z  session C4.23 written (14 turns; withheld 2 questions, 0 answers)
2026-09-23T21:40:33Z  session B4.25 starting
2026-09-23T21:41:12Z  session B4.25 written (14 turns; withheld 2 questions, 0 answers)
2026-09-23T21:41:12Z  session C4.26 starting
2026-09-23T21:42:05Z  session C4.26 written (14 turns; withheld 2 questions, 0 answers)
2026-09-23T21:42:05Z  session C4.10 starting
2026-09-23T21:42:58Z  session C4.10 written (14 turns; withheld 2 questions, 1 answers)
2026-09-23T21:42:58Z  session C4.11 starting
2026-09-23T21:43:41Z  session C4.11 written (14 turns; withheld 2 questions, 0 answers)
2026-09-23T21:43:41Z  session C4.46 starting
2026-09-23T21:44:33Z  session C4.46 written (14 turns; withheld 2 questions, 0 answers)
2026-09-23T21:44:33Z  session A4.66 starting
2026-09-23T21:45:43Z  session A4.66 written (14 turns; withheld 2 questions, 0 answers)
2026-09-23T21:45:43Z  session B4.28 starting
2026-09-23T21:46:18Z  session B4.28 written (14 turns; withheld 2 questions, 0 answers)
2026-09-23T21:46:18Z  session A4.80 starting
2026-09-23T21:47:14Z  session A4.80 written (14 turns; withheld 2 questions, 0 answers)
2026-09-23T21:47:14Z  session A4.21 starting
2026-09-23T21:48:14Z  session A4.21 written (14 turns; withheld 2 questions, 0 answers)
2026-09-23T21:48:14Z  session A4.54 starting
2026-09-23T21:49:05Z  session A4.54 written (13 turns; withheld 2 questions, 0 answers)
2026-09-23T21:49:05Z  session B4.66 starting
2026-09-23T21:50:28Z  session B4.66 written (15 turns; withheld 2 questions, 0 answers)
2026-09-23T21:50:28Z  session C4.65 starting
2026-09-23T21:52:14Z  session C4.65 written (15 turns; withheld 2 questions, 1 answers)
2026-09-23T21:52:14Z  session C4.62 starting
2026-09-23T21:54:05Z  session C4.62 written (15 turns; withheld 2 questions, 0 answers)
2026-09-23T21:54:05Z  session A4.45 starting
2026-09-23T21:54:47Z  session A4.45 written (13 turns; withheld 2 questions, 0 answers)
2026-09-23T21:54:47Z  session A4.72 starting
2026-09-23T21:55:32Z  session A4.72 written (13 turns; withheld 2 questions, 0 answers)
2026-09-23T21:55:32Z  session A4.63 starting
2026-09-23T21:56:42Z  session A4.63 written (14 turns; withheld 2 questions, 0 answers)
2026-09-23T21:56:42Z  session A4.75 starting
2026-09-23T21:57:29Z  session A4.75 written (13 turns; withheld 2 questions, 0 answers)
2026-09-23T21:57:29Z  session C4.39 starting
2026-09-23T21:59:05Z  session C4.39 written (15 turns; withheld 2 questions, 0 answers)
2026-09-23T21:59:05Z  session A4.78 starting
2026-09-23T22:00:19Z  session A4.78 written (14 turns; withheld 2 questions, 0 answers)
2026-09-23T22:00:19Z  session C4.22 starting
2026-09-23T22:01:35Z  session C4.22 written (15 turns; withheld 2 questions, 1 answers)
2026-09-23T22:01:35Z  session B4.55 starting
2026-09-23T22:02:13Z  session B4.55 written (14 turns; withheld 2 questions, 0 answers)
2026-09-23T22:02:13Z  session B4.88 starting
2026-09-23T22:03:42Z  session B4.88 written (15 turns; withheld 2 questions, 0 answers)
2026-09-23T22:03:42Z  session B4.47 starting
2026-09-23T22:04:23Z  session B4.47 written (14 turns; withheld 2 questions, 0 answers)
2026-09-23T22:04:23Z  session C4.78 starting
2026-09-23T22:06:02Z  session C4.78 written (15 turns; withheld 2 questions, 0 answers)
2026-09-23T22:06:02Z  session A4.59 starting
2026-09-23T22:07:29Z  session A4.59 written (14 turns; withheld 2 questions, 0 answers)
2026-09-23T22:07:29Z  session C4.36 starting
2026-09-23T22:09:13Z  session C4.36 written (15 turns; withheld 2 questions, 0 answers)
2026-09-23T22:09:13Z  session C4.7 starting
2026-09-23T22:10:05Z  session C4.7 written (14 turns; withheld 2 questions, 0 answers)
2026-09-23T22:10:05Z  session C4.67 starting
2026-09-23T22:10:53Z  session C4.67 written (14 turns; withheld 2 questions, 0 answers)
2026-09-23T22:10:53Z  session B4.35 starting
2026-09-23T22:12:12Z  session B4.35 written (15 turns; withheld 2 questions, 0 answers)
2026-09-23T22:12:12Z  session B4.81 starting
2026-09-23T22:13:31Z  session B4.81 written (15 turns; withheld 2 questions, 0 answers)
2026-09-23T22:13:31Z  session C4.35 starting
2026-09-23T22:15:08Z  session C4.35 written (15 turns; withheld 2 questions, 0 answers)
2026-09-23T22:15:08Z  session B4.52 starting
2026-09-23T22:15:43Z  session B4.52 written (14 turns; withheld 2 questions, 0 answers)
2026-09-23T22:15:43Z  session A4.88 starting
2026-09-23T22:16:43Z  session A4.88 written (14 turns; withheld 2 questions, 0 answers)
2026-09-23T22:16:43Z  session B4.45 starting
2026-09-23T22:17:19Z  session B4.45 written (14 turns; withheld 2 questions, 0 answers)
2026-09-23T22:17:19Z  session C4.28 starting
2026-09-23T22:18:16Z  session C4.28 written (14 turns; withheld 2 questions, 0 answers)
2026-09-23T22:18:16Z  session B4.17 starting
2026-09-23T22:19:27Z  session B4.17 written (15 turns; withheld 2 questions, 0 answers)
2026-09-23T22:19:27Z  session B4.32 starting
2026-09-23T22:20:08Z  session B4.32 written (14 turns; withheld 2 questions, 0 answers)
2026-09-23T22:20:08Z  session A4.30 starting
2026-09-23T22:20:42Z  session A4.30 written (13 turns; withheld 2 questions, 0 answers)
2026-09-23T22:20:42Z  session B4.67 starting
2026-09-23T22:21:29Z  session B4.67 written (14 turns; withheld 2 questions, 0 answers)
2026-09-23T22:21:29Z  session A4.43 starting
2026-09-23T22:22:35Z  session A4.43 written (14 turns; withheld 2 questions, 0 answers)
2026-09-23T22:22:35Z  session A4.27 starting
2026-09-23T22:23:14Z  session A4.27 written (13 turns; withheld 2 questions, 0 answers)
2026-09-23T22:23:14Z  session C4.83 starting
2026-09-23T22:24:51Z  session C4.83 written (15 turns; withheld 2 questions, 0 answers)
2026-09-23T22:24:51Z  session C4.1 starting
2026-09-23T22:25:40Z  session C4.1 written (14 turns; withheld 2 questions, 0 answers)
2026-09-23T22:25:40Z  session A4.46 starting
2026-09-23T22:26:17Z  session A4.46 written (13 turns; withheld 2 questions, 0 answers)
2026-09-23T22:26:17Z  session C4.76 starting
2026-09-23T22:27:07Z  session C4.76 written (14 turns; withheld 2 questions, 0 answers)
2026-09-23T22:27:07Z  session B4.38 starting
2026-09-23T22:28:29Z  session B4.38 written (15 turns; withheld 2 questions, 0 answers)
2026-09-23T22:28:29Z  session A4.23 starting
2026-09-23T22:29:07Z  session A4.23 written (13 turns; withheld 2 questions, 0 answers)
2026-09-23T22:29:07Z  session A4.70 starting
2026-09-23T22:29:58Z  session A4.70 written (13 turns; withheld 2 questions, 0 answers)
2026-09-23T22:29:58Z  session A4.5 starting
2026-09-23T22:30:42Z  session A4.5 written (13 turns; withheld 2 questions, 0 answers)
2026-09-23T22:30:42Z  session C4.29 starting
2026-09-23T22:31:56Z  session C4.29 written (14 turns; withheld 2 questions, 0 answers)
2026-09-23T22:31:56Z  session A4.79 starting
2026-09-23T22:33:20Z  session A4.79 written (14 turns; withheld 2 questions, 0 answers)
2026-09-23T22:33:20Z  session B4.40 starting
2026-09-23T22:34:42Z  session B4.40 written (15 turns; withheld 2 questions, 0 answers)
2026-09-23T22:34:42Z  session A4.25 starting
2026-09-23T22:35:23Z  session A4.25 written (13 turns; withheld 2 questions, 0 answers)
2026-09-23T22:35:23Z  session A4.52 starting
2026-09-23T22:36:08Z  session A4.52 written (13 turns; withheld 2 questions, 0 answers)
2026-09-23T22:36:08Z  session B4.54 starting
2026-09-23T22:36:48Z  session B4.54 written (14 turns; withheld 2 questions, 0 answers)
2026-09-23T22:36:48Z  session C4.16 starting
2026-09-23T22:38:06Z  session C4.16 written (15 turns; withheld 2 questions, 2 answers)
2026-09-23T22:38:06Z  session A4.55 starting
2026-09-23T22:38:42Z  session A4.55 written (13 turns; withheld 2 questions, 0 answers)
2026-09-23T22:38:42Z  session B4.22 starting
2026-09-23T22:39:48Z  session B4.22 written (15 turns; withheld 2 questions, 0 answers)
2026-09-23T22:39:48Z  session C4.30 starting
2026-09-23T22:40:40Z  session C4.30 written (14 turns; withheld 2 questions, 0 answers)
2026-09-23T22:40:40Z  session C4.61 starting
2026-09-23T22:42:29Z  session C4.61 written (15 turns; withheld 2 questions, 0 answers)
2026-09-23T22:42:29Z  session A4.64 starting
2026-09-23T22:43:15Z  session A4.64 written (14 turns; withheld 2 questions, 0 answers)
2026-09-23T22:43:15Z  session C4.84 starting
2026-09-23T22:45:02Z  session C4.84 written (15 turns; withheld 2 questions, 0 answers)
2026-09-23T22:45:02Z  session B4.42 starting
2026-09-23T22:46:41Z  session B4.42 written (15 turns; withheld 2 questions, 0 answers)
2026-09-23T22:46:41Z  session B4.23 starting
2026-09-23T22:47:17Z  session B4.23 written (14 turns; withheld 2 questions, 0 answers)
2026-09-23T22:47:17Z  session B4.34 starting
2026-09-23T22:48:28Z  session B4.34 written (15 turns; withheld 2 questions, 0 answers)
2026-09-23T22:48:28Z  session C4.51 starting
2026-09-23T22:49:26Z  session C4.51 written (14 turns; withheld 2 questions, 0 answers)
2026-09-23T22:49:26Z  session B4.7 starting
2026-09-23T22:50:08Z  session B4.7 written (14 turns; withheld 2 questions, 0 answers)
2026-09-23T22:50:08Z  session A4.26 starting
2026-09-23T22:50:56Z  session A4.26 written (13 turns; withheld 2 questions, 0 answers)
2026-09-23T22:50:56Z  session C4.72 starting
2026-09-23T22:52:07Z  session C4.72 written (14 turns; withheld 2 questions, 0 answers)
2026-09-23T22:52:07Z  session C4.48 starting
2026-09-23T22:53:22Z  session C4.48 written (14 turns; withheld 2 questions, 0 answers)
2026-09-23T22:53:22Z  session C4.66 starting
2026-09-23T22:54:57Z  session C4.66 written (15 turns; withheld 2 questions, 0 answers)
2026-09-23T22:54:57Z  session B4.3 starting
2026-09-23T22:55:31Z  session B4.3 written (14 turns; withheld 2 questions, 0 answers)
2026-09-23T22:55:31Z  session A4.4 starting
2026-09-23T22:56:01Z  session A4.4 written (13 turns; withheld 2 questions, 0 answers)
2026-09-23T22:56:01Z  session C4.31 starting
2026-09-23T22:56:41Z  session C4.31 written (13 turns; withheld 2 questions, 0 answers)
2026-09-23T22:56:41Z  session C4.27 starting
2026-09-23T22:57:23Z  session C4.27 written (14 turns; withheld 2 questions, 0 answers)
2026-09-23T22:57:23Z  session B4.13 starting
2026-09-23T22:58:18Z  session B4.13 written (15 turns; withheld 2 questions, 0 answers)
2026-09-23T22:58:18Z  session B4.71 starting
2026-09-23T22:59:02Z  session B4.71 written (14 turns; withheld 2 questions, 0 answers)
2026-09-23T22:59:02Z  session A4.77 starting
2026-09-23T22:59:55Z  session A4.77 written (13 turns; withheld 2 questions, 0 answers)
2026-09-23T22:59:55Z  session C4.64 starting
2026-09-23T23:01:29Z  session C4.64 written (15 turns; withheld 2 questions, 0 answers)
2026-09-23T23:01:29Z  session A4.38 starting
2026-09-23T23:02:35Z  session A4.38 written (14 turns; withheld 2 questions, 0 answers)
2026-09-23T23:02:35Z  session C4.5 starting
2026-09-23T23:03:28Z  session C4.5 written (14 turns; withheld 2 questions, 0 answers)
2026-09-23T23:03:28Z  session B4.15 starting
2026-09-23T23:04:36Z  session B4.15 written (15 turns; withheld 2 questions, 0 answers)
2026-09-23T23:04:36Z  session C4.25 starting
2026-09-23T23:05:18Z  session C4.25 written (14 turns; withheld 2 questions, 0 answers)
2026-09-23T23:05:18Z  session A4.61 starting
2026-09-23T23:06:40Z  session A4.61 written (14 turns; withheld 2 questions, 0 answers)
2026-09-23T23:06:40Z  session B4.78 starting
2026-09-23T23:08:12Z  session B4.78 written (15 turns; withheld 2 questions, 0 answers)
2026-09-23T23:08:12Z  session C4.37 starting
2026-09-23T23:09:49Z  session C4.37 written (15 turns; withheld 2 questions, 0 answers)
2026-09-23T23:09:49Z  session B4.76 starting
2026-09-23T23:10:31Z  session B4.76 written (14 turns; withheld 2 questions, 0 answers)
2026-09-23T23:10:31Z  session B4.68 starting
2026-09-23T23:11:11Z  session B4.68 written (14 turns; withheld 2 questions, 0 answers)
2026-09-23T23:11:11Z  session C4.38 starting
2026-09-23T23:12:45Z  session C4.38 written (15 turns; withheld 2 questions, 0 answers)
2026-09-23T23:12:45Z  session B4.6 starting
2026-09-23T23:13:21Z  session B4.6 written (14 turns; withheld 2 questions, 0 answers)
2026-09-23T23:13:21Z  session C4.71 starting
2026-09-23T23:14:15Z  session C4.71 written (14 turns; withheld 2 questions, 0 answers)
2026-09-23T23:14:15Z  session C4.80 starting
2026-09-23T23:15:47Z  session C4.80 written (15 turns; withheld 2 questions, 0 answers)
2026-09-23T23:15:47Z  session B4.20 starting
2026-09-23T23:16:55Z  session B4.20 written (15 turns; withheld 2 questions, 0 answers)
2026-09-23T23:16:55Z  session C4.75 starting
2026-09-23T23:17:47Z  session C4.75 written (14 turns; withheld 2 questions, 0 answers)
2026-09-23T23:17:47Z  session C4.44 starting
2026-09-23T23:19:19Z  session C4.44 written (15 turns; withheld 2 questions, 0 answers)
2026-09-23T23:19:19Z  session B4.19 starting
2026-09-23T23:20:24Z  session B4.19 written (15 turns; withheld 2 questions, 0 answers)
2026-09-23T23:20:24Z  session A4.87 starting
2026-09-23T23:21:38Z  session A4.87 written (14 turns; withheld 2 questions, 0 answers)
2026-09-23T23:21:38Z  session C4.88 starting
2026-09-23T23:23:21Z  session C4.88 written (15 turns; withheld 2 questions, 0 answers)
2026-09-23T23:23:21Z  session B4.69 starting
2026-09-23T23:24:05Z  session B4.69 written (14 turns; withheld 2 questions, 0 answers)
2026-09-23T23:24:05Z  session B4.30 starting
2026-09-23T23:24:40Z  session B4.30 written (14 turns; withheld 2 questions, 0 answers)
2026-09-23T23:24:40Z  session B4.75 starting
2026-09-23T23:25:24Z  session B4.75 written (14 turns; withheld 2 questions, 0 answers)
2026-09-23T23:25:24Z  session C4.40 starting
2026-09-23T23:27:08Z  session C4.40 written (15 turns; withheld 2 questions, 0 answers)
2026-09-23T23:27:08Z  session A4.14 starting
2026-09-23T23:27:52Z  session A4.14 written (14 turns; withheld 2 questions, 1 answers)
2026-09-23T23:27:52Z  session A4.42 starting
2026-09-23T23:28:48Z  session A4.42 written (14 turns; withheld 2 questions, 0 answers)
2026-09-23T23:28:48Z  session C4.69 starting
2026-09-23T23:29:45Z  session C4.69 written (14 turns; withheld 2 questions, 0 answers)
2026-09-23T23:29:45Z  session A4.62 starting
2026-09-23T23:30:53Z  session A4.62 written (14 turns; withheld 2 questions, 0 answers)
2026-09-23T23:30:53Z  session B4.8 starting
2026-09-23T23:31:25Z  session B4.8 written (14 turns; withheld 2 questions, 0 answers)
2026-09-23T23:31:25Z  session A4.76 starting
2026-09-23T23:32:11Z  session A4.76 written (13 turns; withheld 2 questions, 0 answers)
2026-09-23T23:32:11Z  session A4.37 starting
2026-09-23T23:33:14Z  session A4.37 written (14 turns; withheld 2 questions, 0 answers)
2026-09-23T23:33:14Z  session A4.65 starting
2026-09-23T23:34:19Z  session A4.65 written (14 turns; withheld 2 questions, 0 answers)
2026-09-23T23:34:19Z  session A4.22 starting
2026-09-23T23:35:08Z  session A4.22 written (14 turns; withheld 2 questions, 0 answers)
2026-09-23T23:35:08Z  session A4.57 starting
2026-09-23T23:36:15Z  session A4.57 written (14 turns; withheld 2 questions, 0 answers)
2026-09-23T23:36:15Z  session B4.87 starting
2026-09-23T23:37:58Z  session B4.87 written (15 turns; withheld 2 questions, 0 answers)
2026-09-23T23:37:58Z  session A4.7 starting
2026-09-23T23:38:29Z  session A4.7 written (13 turns; withheld 2 questions, 0 answers)
2026-09-23T23:38:29Z  session C4.24 starting
2026-09-23T23:39:18Z  session C4.24 written (14 turns; withheld 2 questions, 0 answers)
2026-09-23T23:39:18Z  session C4.52 starting
2026-09-23T23:40:15Z  session C4.52 written (14 turns; withheld 2 questions, 0 answers)
2026-09-23T23:40:15Z  session B4.73 starting
2026-09-23T23:40:56Z  session B4.73 written (14 turns; withheld 2 questions, 0 answers)
2026-09-23T23:40:56Z  session A4.67 starting
2026-09-23T23:41:37Z  session A4.67 written (13 turns; withheld 2 questions, 0 answers)
2026-09-23T23:41:37Z  session A4.17 starting
2026-09-23T23:42:28Z  session A4.17 written (14 turns; withheld 2 questions, 0 answers)
2026-09-23T23:42:28Z  session C4.59 starting
2026-09-23T23:44:01Z  session C4.59 written (15 turns; withheld 2 questions, 1 answers)
2026-09-23T23:44:01Z  session B4.44 starting
2026-09-23T23:45:17Z  session B4.44 written (15 turns; withheld 2 questions, 0 answers)
2026-09-23T23:45:17Z  session A4.73 starting
2026-09-23T23:46:10Z  session A4.73 written (13 turns; withheld 2 questions, 0 answers)
2026-09-23T23:46:10Z  session A4.34 starting
2026-09-23T23:47:19Z  session A4.34 written (14 turns; withheld 2 questions, 0 answers)
2026-09-23T23:47:19Z  session C4.14 starting
2026-09-23T23:48:29Z  session C4.14 written (15 turns; withheld 2 questions, 1 answers)
2026-09-23T23:48:29Z  session C4.70 starting
2026-09-23T23:49:49Z  session C4.70 written (14 turns; withheld 2 questions, 0 answers)
2026-09-23T23:49:49Z  session B4.27 starting
2026-09-23T23:50:23Z  session B4.27 written (14 turns; withheld 2 questions, 0 answers)
2026-09-23T23:50:23Z  session A4.28 starting
2026-09-23T23:50:58Z  session A4.28 written (13 turns; withheld 2 questions, 0 answers)
2026-09-23T23:50:58Z  session C4.57 starting
2026-09-23T23:52:36Z  session C4.57 written (15 turns; withheld 2 questions, 0 answers)
2026-09-23T23:52:36Z  session A4.20 starting
2026-09-23T23:53:27Z  session A4.20 written (14 turns; withheld 2 questions, 0 answers)
2026-09-23T23:53:27Z  session C4.79 starting
2026-09-23T23:55:07Z  session C4.79 written (15 turns; withheld 2 questions, 0 answers)
2026-09-23T23:55:07Z  session B4.51 starting
2026-09-23T23:55:39Z  session B4.51 written (14 turns; withheld 2 questions, 0 answers)
2026-09-23T23:55:39Z  session C4.17 starting
2026-09-23T23:57:04Z  session C4.17 written (15 turns; withheld 2 questions, 0 answers)
2026-09-23T23:57:04Z  session B4.83 starting
2026-09-23T23:58:42Z  session B4.83 written (15 turns; withheld 2 questions, 0 answers)
2026-09-23T23:58:42Z  session A4.71 starting
2026-09-23T23:59:35Z  session A4.71 written (13 turns; withheld 2 questions, 0 answers)
2026-09-23T23:59:35Z  session A4.83 starting
2026-09-24T00:00:49Z  session A4.83 written (14 turns; withheld 2 questions, 0 answers)
2026-09-24T00:00:49Z  session B4.49 starting
2026-09-24T00:01:50Z  session B4.49 written (14 turns; withheld 2 questions, 0 answers)
2026-09-24T00:01:50Z  session A4.29 starting
2026-09-24T00:03:11Z  session A4.29 written (13 turns; withheld 2 questions, 0 answers)
2026-09-24T00:03:11Z  session B4.2 starting
2026-09-24T00:03:45Z  session B4.2 written (14 turns; withheld 2 questions, 0 answers)
2026-09-24T00:03:45Z  session C4.85 starting
2026-09-24T00:05:19Z  session C4.85 written (15 turns; withheld 2 questions, 0 answers)
2026-09-24T00:05:19Z  session B4.61 starting
2026-09-24T00:06:36Z  session B4.61 written (15 turns; withheld 2 questions, 0 answers)
2026-09-24T00:06:36Z  session B4.86 starting
2026-09-24T00:08:10Z  session B4.86 written (15 turns; withheld 2 questions, 0 answers)
2026-09-24T00:08:10Z  session A4.58 starting
2026-09-24T00:09:18Z  session A4.58 written (14 turns; withheld 2 questions, 0 answers)
2026-09-24T00:09:18Z  session C4.60 starting
2026-09-24T00:10:59Z  session C4.60 written (15 turns; withheld 2 questions, 0 answers)
2026-09-24T00:10:59Z  session A4.6 starting
2026-09-24T00:11:28Z  session A4.6 written (13 turns; withheld 2 questions, 0 answers)
2026-09-24T00:11:28Z  session A4.39 starting
2026-09-24T00:12:37Z  session A4.39 written (14 turns; withheld 2 questions, 0 answers)
2026-09-24T00:12:37Z  session C4.43 starting
2026-09-24T00:14:01Z  session C4.43 written (15 turns; withheld 2 questions, 0 answers)
2026-09-24T00:14:01Z  session C4.32 starting
2026-09-24T00:14:58Z  session C4.32 written (14 turns; withheld 2 questions, 0 answers)
2026-09-24T00:14:58Z  session A4.68 starting
2026-09-24T00:15:43Z  session A4.68 written (13 turns; withheld 2 questions, 0 answers)
2026-09-24T00:15:43Z  session B4.64 starting
2026-09-24T00:17:01Z  session B4.64 written (15 turns; withheld 2 questions, 1 answers)
2026-09-24T00:17:01Z  session B4.11 starting
2026-09-24T00:17:35Z  session B4.11 written (14 turns; withheld 2 questions, 0 answers)
2026-09-24T00:17:35Z  session B4.46 starting
2026-09-24T00:18:14Z  session B4.46 written (14 turns; withheld 2 questions, 0 answers)
2026-09-24T00:18:14Z  session C4.50 starting
2026-09-24T00:19:05Z  session C4.50 written (14 turns; withheld 2 questions, 0 answers)
2026-09-24T00:19:05Z  session B4.1 starting
2026-09-24T00:19:36Z  session B4.1 written (14 turns; withheld 2 questions, 0 answers)
2026-09-24T00:19:36Z  session A4.31 starting
2026-09-24T00:20:25Z  session A4.31 written (13 turns; withheld 2 questions, 0 answers)
2026-09-24T00:20:25Z  session C4.33 starting
2026-09-24T00:21:23Z  session C4.33 written (14 turns; withheld 2 questions, 0 answers)
2026-09-24T00:21:23Z  session C4.81 starting
2026-09-24T00:23:02Z  session C4.81 written (15 turns; withheld 2 questions, 0 answers)
2026-09-24T00:23:02Z  session B4.12 starting
2026-09-24T00:24:09Z  session B4.12 written (15 turns; withheld 2 questions, 0 answers)
2026-09-24T00:24:09Z  session A4.41 starting
2026-09-24T00:25:24Z  session A4.41 written (14 turns; withheld 2 questions, 0 answers)
2026-09-24T00:25:24Z  session A4.60 starting
2026-09-24T00:26:17Z  session A4.60 written (14 turns; withheld 2 questions, 0 answers)
2026-09-24T00:26:17Z  session C4.54 starting
2026-09-24T00:27:12Z  session C4.54 written (14 turns; withheld 2 questions, 0 answers)
2026-09-24T00:27:12Z  session B4.29 starting
2026-09-24T00:27:49Z  session B4.29 written (14 turns; withheld 2 questions, 0 answers)
2026-09-24T00:27:49Z  session C4.49 starting
2026-09-24T00:28:42Z  session C4.49 written (14 turns; withheld 2 questions, 1 answers)
2026-09-24T00:28:42Z  session A4.1 starting
2026-09-24T00:29:18Z  session A4.1 written (13 turns; withheld 2 questions, 0 answers)
2026-09-24T00:29:18Z  session A4.3 starting
2026-09-24T00:29:49Z  session A4.3 written (13 turns; withheld 2 questions, 0 answers)
2026-09-24T00:29:49Z  session C4.21 starting
2026-09-24T00:31:07Z  session C4.21 written (15 turns; withheld 2 questions, 0 answers)
2026-09-24T00:31:07Z  session A4.82 starting
2026-09-24T00:32:13Z  session A4.82 written (14 turns; withheld 2 questions, 0 answers)
2026-09-24T00:32:13Z  session A4.48 starting
2026-09-24T00:33:02Z  session A4.48 written (13 turns; withheld 2 questions, 0 answers)
2026-09-24T00:33:02Z  session A4.10 starting
2026-09-24T00:33:33Z  session A4.10 written (13 turns; withheld 2 questions, 0 answers)
2026-09-24T00:33:33Z  session A4.35 starting
2026-09-24T00:34:43Z  session A4.35 written (14 turns; withheld 2 questions, 0 answers)
2026-09-24T00:34:43Z  session B4.18 starting
2026-09-24T00:35:47Z  session B4.18 written (15 turns; withheld 2 questions, 0 answers)
2026-09-24T00:35:47Z  session C4.42 starting
2026-09-24T00:37:19Z  session C4.42 written (15 turns; withheld 2 questions, 0 answers)
2026-09-24T00:37:19Z  session B4.84 starting
2026-09-24T00:38:54Z  session B4.84 written (15 turns; withheld 2 questions, 0 answers)
2026-09-24T00:38:54Z  session C4.74 starting
2026-09-24T00:39:54Z  session C4.74 written (14 turns; withheld 2 questions, 0 answers)
2026-09-24T00:39:54Z  session B4.33 starting
2026-09-24T00:40:22Z  session B4.33 written (14 turns; withheld 2 questions, 0 answers)
2026-09-24T00:40:22Z  session B4.70 starting
2026-09-24T00:40:56Z  session B4.70 written (14 turns; withheld 2 questions, 0 answers)
2026-09-24T00:40:56Z  session C4.20 starting
2026-09-24T00:42:21Z  session C4.20 written (15 turns; withheld 2 questions, 0 answers)
2026-09-24T00:42:21Z  session B4.74 starting
2026-09-24T00:43:02Z  session B4.74 written (14 turns; withheld 2 questions, 0 answers)
2026-09-24T00:43:02Z  session B4.37 starting
2026-09-24T00:44:16Z  session B4.37 written (15 turns; withheld 2 questions, 0 answers)
2026-09-24T00:44:16Z  session A4.32 starting
2026-09-24T00:44:58Z  session A4.32 written (13 turns; withheld 2 questions, 0 answers)
2026-09-24T00:44:58Z  session C4.12 starting
2026-09-24T00:46:13Z  session C4.12 written (15 turns; withheld 2 questions, 1 answers)
2026-09-24T00:46:13Z  session B4.26 starting
2026-09-24T00:46:50Z  session B4.26 written (14 turns; withheld 2 questions, 0 answers)
2026-09-24T00:46:50Z  session A4.11 starting
2026-09-24T00:47:19Z  session A4.11 written (13 turns; withheld 2 questions, 0 answers)
2026-09-24T00:47:19Z  session C4.53 starting
2026-09-24T00:48:07Z  session C4.53 written (14 turns; withheld 2 questions, 0 answers)
2026-09-24T00:48:07Z  session C4.82 starting
2026-09-24T00:49:55Z  session C4.82 written (15 turns; withheld 2 questions, 0 answers)
2026-09-24T00:49:55Z  session A4.50 starting
2026-09-24T00:50:38Z  session A4.50 written (13 turns; withheld 2 questions, 0 answers)
2026-09-24T00:50:38Z  session A4.12 starting
2026-09-24T00:51:39Z  session A4.12 written (14 turns; withheld 2 questions, 0 answers)
2026-09-24T00:51:39Z  session C4.86 starting
2026-09-24T00:53:28Z  session C4.86 written (15 turns; withheld 2 questions, 0 answers)
2026-09-24T00:53:28Z  session C4.2 starting
2026-09-24T00:54:12Z  session C4.2 written (14 turns; withheld 2 questions, 0 answers)
2026-09-24T00:54:12Z  session B4.14 starting
2026-09-24T00:55:14Z  session B4.14 written (15 turns; withheld 2 questions, 0 answers)
2026-09-24T00:55:14Z  session C4.77 starting
2026-09-24T00:56:07Z  session C4.77 written (14 turns; withheld 2 questions, 0 answers)
2026-09-24T00:56:07Z  session B4.48 starting
2026-09-24T00:56:46Z  session B4.48 written (14 turns; withheld 2 questions, 0 answers)
2026-09-24T00:56:46Z  session A4.36 starting
2026-09-24T00:57:50Z  session A4.36 written (14 turns; withheld 2 questions, 0 answers)
2026-09-24T00:57:50Z  session B4.85 starting
2026-09-24T00:59:25Z  session B4.85 written (15 turns; withheld 2 questions, 0 answers)
2026-09-24T00:59:25Z  session A4.16 starting
2026-09-24T01:00:16Z  session A4.16 written (14 turns; withheld 2 questions, 0 answers)
2026-09-24T01:00:16Z  session C4.6 starting
2026-09-24T01:01:22Z  session C4.6 written (14 turns; withheld 2 questions, 1 answers)
2026-09-24T01:01:22Z  session A4.44 starting
2026-09-24T01:02:28Z  session A4.44 written (14 turns; withheld 2 questions, 0 answers)
2026-09-24T01:02:28Z  session C4.13 starting
2026-09-24T01:03:42Z  session C4.13 written (15 turns; withheld 2 questions, 0 answers)
2026-09-24T01:03:42Z  session B4.72 starting
2026-09-24T01:04:16Z  session B4.72 written (14 turns; withheld 2 questions, 0 answers)
2026-09-24T01:04:16Z  session A4.47 starting
2026-09-24T01:05:04Z  session A4.47 written (13 turns; withheld 2 questions, 1 answers)
2026-09-24T01:05:04Z  session A4.53 starting
2026-09-24T01:05:45Z  session A4.53 written (13 turns; withheld 2 questions, 0 answers)
2026-09-24T01:05:45Z  session B4.39 starting
2026-09-24T01:06:58Z  session B4.39 written (15 turns; withheld 2 questions, 0 answers)
2026-09-24T01:06:58Z  session B4.63 starting
2026-09-24T01:08:13Z  session B4.63 written (15 turns; withheld 2 questions, 0 answers)
2026-09-24T01:08:13Z  session B4.58 starting
2026-09-24T01:09:27Z  session B4.58 written (15 turns; withheld 2 questions, 0 answers)
2026-09-24T01:09:27Z  session B4.56 starting
2026-09-24T01:10:38Z  session B4.56 written (15 turns; withheld 2 questions, 0 answers)
2026-09-24T01:10:38Z  session C4.15 starting
2026-09-24T01:11:58Z  session C4.15 written (15 turns; withheld 2 questions, 0 answers)
2026-09-24T01:11:58Z  session C4.58 starting
2026-09-24T01:13:49Z  session C4.58 written (15 turns; withheld 2 questions, 0 answers)
2026-09-24T01:13:49Z  session B4.62 starting
2026-09-24T01:15:05Z  session B4.62 written (15 turns; withheld 2 questions, 0 answers)
2026-09-24T01:15:05Z  session A4.49 starting
2026-09-24T01:15:46Z  session A4.49 written (13 turns; withheld 2 questions, 1 answers)
2026-09-24T01:15:46Z  session A4.69 starting
2026-09-24T01:16:45Z  session A4.69 written (13 turns; withheld 2 questions, 0 answers)
2026-09-24T01:16:45Z  session A4.15 starting
2026-09-24T01:17:35Z  session A4.15 written (14 turns; withheld 2 questions, 0 answers)
2026-09-24T01:17:35Z  session B4.24 starting
2026-09-24T01:18:15Z  session B4.24 written (14 turns; withheld 2 questions, 0 answers)
2026-09-24T01:18:15Z  session B4.65 starting
2026-09-24T01:19:44Z  session B4.65 written (15 turns; withheld 2 questions, 0 answers)
2026-09-24T01:19:44Z  session C4.45 starting
2026-09-24T01:20:36Z  session C4.45 written (14 turns; withheld 2 questions, 2 answers)
2026-09-24T01:20:36Z  session A4.9 starting
2026-09-24T01:21:07Z  session A4.9 written (13 turns; withheld 2 questions, 0 answers)
2026-09-24T01:21:07Z  session A4.33 starting
2026-09-24T01:21:50Z  session A4.33 written (13 turns; withheld 2 questions, 0 answers)
2026-09-24T01:21:50Z  session B4.80 starting
2026-09-24T01:23:24Z  session B4.80 written (15 turns; withheld 2 questions, 0 answers)
2026-09-24T01:23:24Z  session B4.43 starting
2026-09-24T01:24:45Z  session B4.43 written (15 turns; withheld 2 questions, 0 answers)
2026-09-24T01:24:45Z  session B4.60 starting
2026-09-24T01:26:10Z  session B4.60 written (15 turns; withheld 2 questions, 0 answers)
2026-09-24T01:26:10Z  session C4.8 starting
2026-09-24T01:26:57Z  session C4.8 written (14 turns; withheld 2 questions, 1 answers)
2026-09-24T01:26:57Z  session B4.50 starting
2026-09-24T01:27:32Z  session B4.50 written (14 turns; withheld 2 questions, 0 answers)
2026-09-24T01:27:32Z  session B4.31 starting
2026-09-24T01:28:08Z  session B4.31 written (14 turns; withheld 2 questions, 0 answers)
2026-09-24T01:28:08Z  session C4.73 starting
2026-09-24T01:28:52Z  session C4.73 written (14 turns; withheld 2 questions, 0 answers)
2026-09-24T01:28:52Z  session C4.34 starting
2026-09-24T01:30:22Z  session C4.34 written (15 turns; withheld 2 questions, 0 answers)
2026-09-24T01:30:22Z  session B4.21 starting
2026-09-24T01:31:24Z  session B4.21 written (15 turns; withheld 2 questions, 0 answers)
2026-09-24T01:31:24Z  session C4.18 starting
2026-09-24T01:32:49Z  session C4.18 written (15 turns; withheld 2 questions, 1 answers)
2026-09-24T01:32:49Z  session B4.77 starting
2026-09-24T01:33:26Z  session B4.77 written (14 turns; withheld 2 questions, 0 answers)
2026-09-24T01:33:26Z  session C4.68 starting
2026-09-24T01:34:24Z  session C4.68 written (14 turns; withheld 2 questions, 0 answers)
2026-09-24T01:34:24Z  session B4.41 starting
2026-09-24T01:35:46Z  session B4.41 written (15 turns; withheld 2 questions, 0 answers)
2026-09-24T01:35:46Z  session B4.79 starting
2026-09-24T01:37:08Z  session B4.79 written (15 turns; withheld 2 questions, 0 answers)
2026-09-24T01:37:08Z  session C4.41 starting
2026-09-24T01:38:37Z  session C4.41 written (15 turns; withheld 2 questions, 0 answers)
2026-09-24T01:38:37Z  session B4.53 starting
2026-09-24T01:39:22Z  session B4.53 written (14 turns; withheld 2 questions, 0 answers)
2026-09-24T01:39:22Z  session A4.8 starting
2026-09-24T01:39:55Z  session A4.8 written (13 turns; withheld 2 questions, 0 answers)
2026-09-24T01:39:55Z  session C4.47 starting
2026-09-24T01:40:51Z  session C4.47 written (14 turns; withheld 2 questions, 0 answers)
2026-09-24T01:40:51Z  session A4.51 starting
2026-09-24T01:41:27Z  session A4.51 written (13 turns; withheld 2 questions, 0 answers)
2026-09-24T01:41:27Z  session B4.57 starting
2026-09-24T01:42:55Z  session B4.57 written (15 turns; withheld 2 questions, 0 answers)
2026-09-24T01:42:55Z  session B4.16 starting
2026-09-24T01:44:03Z  session B4.16 written (15 turns; withheld 2 questions, 0 answers)
2026-09-24T01:44:03Z  session A4.18 starting
2026-09-24T01:44:58Z  session A4.18 written (14 turns; withheld 2 questions, 0 answers)
2026-09-24T01:44:58Z  session C4.4 starting
2026-09-24T01:45:47Z  session C4.4 written (14 turns; withheld 2 questions, 1 answers)
2026-09-24T01:45:47Z  session A4.74 starting
2026-09-24T01:46:48Z  session A4.74 written (13 turns; withheld 2 questions, 0 answers)
2026-09-24T01:46:48Z  session C4.56 starting
2026-09-24T01:48:21Z  session C4.56 written (15 turns; withheld 2 questions, 0 answers)
2026-09-24T01:48:21Z  session B4.4 starting
2026-09-24T01:48:55Z  session B4.4 written (14 turns; withheld 2 questions, 0 answers)
2026-09-24T01:48:55Z  session C4.87 starting
2026-09-24T01:50:59Z  session C4.87 written (15 turns; withheld 2 questions, 0 answers)
2026-09-24T01:50:59Z  session A4.84 starting
2026-09-24T01:52:15Z  session A4.84 written (14 turns; withheld 2 questions, 0 answers)
2026-09-24T01:52:15Z  session A4.85 starting
2026-09-24T01:53:36Z  session A4.85 written (14 turns; withheld 2 questions, 0 answers)
2026-09-24T01:53:36Z  session C4.9 starting
2026-09-24T01:54:24Z  session C4.9 written (14 turns; withheld 2 questions, 0 answers)
2026-09-24T01:54:24Z  session B4.9 starting
2026-09-24T01:55:00Z  session B4.9 written (14 turns; withheld 2 questions, 0 answers)
2026-09-24T01:55:00Z  session C4.3 starting
2026-09-24T01:55:55Z  session C4.3 written (14 turns; withheld 2 questions, 0 answers)
2026-09-24T01:55:55Z  session C4.19 starting
2026-09-24T01:57:03Z  session C4.19 written (15 turns; withheld 2 questions, 0 answers)
2026-09-24T01:57:03Z  session A4.81 starting
2026-09-24T01:58:19Z  session A4.81 written (14 turns; withheld 2 questions, 0 answers)
2026-09-24T01:58:19Z  session A4.24 starting
2026-09-24T01:58:58Z  session A4.24 written (13 turns; withheld 2 questions, 0 answers)
2026-09-24T01:58:58Z  session A4.40 starting
2026-09-24T02:00:14Z  session A4.40 written (14 turns; withheld 2 questions, 0 answers)
2026-09-24T02:00:14Z  session B4.10 starting
2026-09-24T02:00:47Z  session B4.10 written (14 turns; withheld 2 questions, 0 answers)
2026-09-24T02:00:47Z  session A4.19 starting
2026-09-24T02:01:44Z  session A4.19 written (14 turns; withheld 2 questions, 0 answers)
2026-09-24T02:01:44Z  session B4.36 starting
2026-09-24T02:03:08Z  session B4.36 written (15 turns; withheld 2 questions, 0 answers)
2026-09-24T02:03:08Z  end: 264 of 264 on disk
