2026-09-04T18:41:18Z  start: 264 planned, 0 already on disk
2026-09-04T18:41:18Z  session A4.12 starting
2026-09-04T18:42:15Z  session A4.12 FAILED: <urlopen error [Errno 54] Connection reset by peer>
2026-09-04T18:42:15Z  session A4.3 starting
2026-09-04T18:42:45Z  session A4.3 FAILED: [Errno 54] Connection reset by peer
2026-09-04T18:42:45Z  session A2.15 starting
2026-09-04T18:43:20Z  session A2.15 written (10 turns)
2026-09-04T18:43:20Z  session C3.14 starting
2026-09-04T18:43:57Z  session C3.14 written (11 turns)
2026-09-04T18:43:57Z  stopped at --limit 4
2026-09-04T18:43:57Z  end: 2 of 264 on disk
2026-09-04T18:45:32Z  start: 264 planned, 2 already on disk
2026-09-04T18:45:32Z  session A4.12 starting
2026-09-04T18:46:11Z  session A4.12 written (10 turns)
2026-09-04T18:46:11Z  session A4.3 starting
2026-09-04T18:46:45Z  session A4.3 written (10 turns)
2026-09-04T18:46:45Z  session A2.2 starting
2026-09-04T18:47:25Z  session A2.2 written (10 turns)
2026-09-04T18:47:25Z  session C3.3 starting
2026-09-04T18:47:58Z  session C3.3 written (11 turns)
2026-09-04T18:47:58Z  session A4.17 starting
2026-09-04T18:48:33Z  session A4.17 written (10 turns)
2026-09-04T18:48:33Z  session B4.20 starting
2026-09-04T18:49:11Z  session B4.20 written (11 turns)
2026-09-04T18:49:11Z  session A3.22 starting
2026-09-04T18:49:41Z  session A3.22 written (10 turns)
2026-09-04T18:49:41Z  session A2.17 starting
2026-09-04T18:50:11Z  session A2.17 written (10 turns)
2026-09-04T18:50:11Z  session C1.19 starting
2026-09-04T18:50:54Z  session C1.19 written (11 turns)
2026-09-04T18:50:54Z  session B1.8 starting
2026-09-04T18:51:40Z  session B1.8 written (11 turns)
2026-09-04T18:51:40Z  session B4.11 starting
2026-09-04T18:52:14Z  session B4.11 written (11 turns)
2026-09-04T18:52:14Z  session A4.6 starting
2026-09-04T18:52:52Z  session A4.6 written (10 turns)
2026-09-04T18:52:52Z  session B4.15 starting
2026-09-04T18:53:26Z  session B4.15 written (11 turns)
2026-09-04T18:53:26Z  session C1.9 starting
2026-09-04T18:54:18Z  session C1.9 written (11 turns)
2026-09-04T18:54:18Z  session C3.2 starting
2026-09-04T18:54:55Z  session C3.2 written (11 turns)
2026-09-04T18:54:55Z  session A2.13 starting
2026-09-04T18:55:34Z  session A2.13 written (10 turns)
2026-09-04T18:55:34Z  session B1.10 starting
2026-09-04T18:56:09Z  session B1.10 written (11 turns)
2026-09-04T18:56:09Z  session C2.10 starting
2026-09-04T18:56:51Z  session C2.10 written (11 turns)
2026-09-04T18:56:51Z  session A4.20 starting
2026-09-04T18:57:30Z  session A4.20 written (10 turns)
2026-09-04T18:57:30Z  session C3.4 starting
2026-09-04T18:58:10Z  session C3.4 written (11 turns)
2026-09-04T18:58:10Z  session C2.8 starting
2026-09-04T18:58:46Z  session C2.8 written (11 turns)
2026-09-04T18:58:46Z  session A1.20 starting
2026-09-04T18:59:25Z  session A1.20 written (10 turns)
2026-09-04T18:59:25Z  session A1.6 starting
2026-09-04T19:00:03Z  session A1.6 written (10 turns)
2026-09-04T19:00:03Z  session A3.1 starting
2026-09-04T19:00:37Z  session A3.1 written (10 turns)
2026-09-04T19:00:37Z  session C2.13 starting
2026-09-04T19:01:20Z  session C2.13 written (11 turns)
2026-09-04T19:01:20Z  session B4.5 starting
2026-09-04T19:01:58Z  session B4.5 written (11 turns)
2026-09-04T19:01:58Z  session A1.19 starting
2026-09-04T19:02:35Z  session A1.19 written (10 turns)
2026-09-04T19:02:35Z  session B1.4 starting
2026-09-04T19:03:12Z  session B1.4 written (11 turns)
2026-09-04T19:03:12Z  session B2.5 starting
2026-09-04T19:03:51Z  session B2.5 written (11 turns)
2026-09-04T19:03:51Z  session C1.15 starting
2026-09-04T19:04:30Z  session C1.15 written (11 turns)
2026-09-04T19:04:30Z  session B1.2 starting
2026-09-04T19:05:06Z  session B1.2 written (11 turns)
2026-09-04T19:05:06Z  session B3.1 starting
2026-09-04T19:05:47Z  session B3.1 written (11 turns)
2026-09-04T19:05:47Z  session A3.10 starting
2026-09-04T19:06:23Z  session A3.10 written (10 turns)
2026-09-04T19:06:23Z  session C1.18 starting
2026-09-04T19:07:03Z  session C1.18 written (11 turns)
2026-09-04T19:07:03Z  session B2.21 starting
2026-09-04T19:07:39Z  session B2.21 written (11 turns)
2026-09-04T19:07:39Z  session B2.2 starting
2026-09-04T19:08:16Z  session B2.2 written (11 turns)
2026-09-04T19:08:16Z  session C3.20 starting
2026-09-04T19:08:54Z  session C3.20 written (11 turns)
2026-09-04T19:08:54Z  session B4.1 starting
2026-09-04T19:09:36Z  session B4.1 written (11 turns)
2026-09-04T19:09:36Z  session C3.13 starting
2026-09-04T19:10:09Z  session C3.13 written (11 turns)
2026-09-04T19:10:09Z  session A1.8 starting
2026-09-04T19:10:51Z  session A1.8 written (10 turns)
2026-09-04T19:10:51Z  session A3.19 starting
2026-09-04T19:11:20Z  session A3.19 written (10 turns)
2026-09-04T19:11:20Z  session B3.7 starting
2026-09-04T19:11:57Z  session B3.7 written (11 turns)
2026-09-04T19:11:57Z  session A1.13 starting
2026-09-04T19:12:31Z  session A1.13 written (10 turns)
2026-09-04T19:12:31Z  session A2.3 starting
2026-09-04T19:13:06Z  session A2.3 written (10 turns)
2026-09-04T19:13:06Z  session C2.19 starting
2026-09-04T19:13:50Z  session C2.19 written (11 turns)
2026-09-04T19:13:50Z  session A1.5 starting
2026-09-04T19:14:25Z  session A1.5 written (10 turns)
2026-09-04T19:14:25Z  session C4.22 starting
2026-09-04T19:15:05Z  session C4.22 written (11 turns)
2026-09-04T19:15:05Z  session C1.13 starting
2026-09-04T19:15:51Z  session C1.13 written (11 turns)
2026-09-04T19:15:51Z  session A1.14 starting
2026-09-04T19:16:33Z  session A1.14 written (10 turns)
2026-09-04T19:16:33Z  session C4.14 starting
2026-09-04T19:17:10Z  session C4.14 written (11 turns)
2026-09-04T19:17:10Z  session C4.9 starting
2026-09-04T19:17:57Z  session C4.9 written (11 turns)
2026-09-04T19:17:57Z  session B2.13 starting
2026-09-04T19:18:30Z  session B2.13 written (11 turns)
2026-09-04T19:18:30Z  session A1.16 starting
2026-09-04T19:19:11Z  session A1.16 written (10 turns)
2026-09-04T19:19:11Z  session A4.1 starting
2026-09-04T19:19:49Z  session A4.1 written (10 turns)
2026-09-04T19:19:49Z  session A4.9 starting
2026-09-04T19:20:26Z  session A4.9 written (10 turns)
2026-09-04T19:20:26Z  session C1.14 starting
2026-09-04T19:21:07Z  session C1.14 written (11 turns)
2026-09-04T19:21:07Z  session B4.10 starting
2026-09-04T19:21:44Z  session B4.10 written (11 turns)
2026-09-04T19:21:44Z  session B1.1 starting
2026-09-04T19:22:28Z  session B1.1 written (11 turns)
2026-09-04T19:22:28Z  session B1.19 starting
2026-09-04T19:23:02Z  session B1.19 written (11 turns)
2026-09-04T19:23:02Z  session A2.9 starting
2026-09-04T19:23:42Z  session A2.9 written (10 turns)
2026-09-04T19:23:42Z  session C2.18 starting
2026-09-04T19:24:29Z  session C2.18 written (11 turns)
2026-09-04T19:24:29Z  session A4.16 starting
2026-09-04T19:25:02Z  session A4.16 written (10 turns)
2026-09-04T19:25:02Z  session B3.22 starting
2026-09-04T19:25:21Z  session B3.22 written (9 turns)
2026-09-04T19:25:21Z  session C3.12 starting
2026-09-04T19:25:57Z  session C3.12 written (11 turns)
2026-09-04T19:25:57Z  session C2.3 starting
2026-09-04T19:26:48Z  session C2.3 written (11 turns)
2026-09-04T19:26:48Z  session C1.8 starting
2026-09-04T19:27:31Z  session C1.8 written (11 turns)
2026-09-04T19:27:31Z  session C3.7 starting
2026-09-04T19:28:10Z  session C3.7 written (11 turns)
2026-09-04T19:28:10Z  session B4.22 starting
2026-09-04T19:28:49Z  session B4.22 written (11 turns)
2026-09-04T19:28:49Z  session B2.8 starting
2026-09-04T19:29:34Z  session B2.8 written (11 turns)
2026-09-04T19:29:34Z  session A3.5 starting
2026-09-04T19:30:08Z  session A3.5 written (10 turns)
2026-09-04T19:30:08Z  session A4.7 starting
2026-09-04T19:30:41Z  session A4.7 written (10 turns)
2026-09-04T19:30:41Z  session B2.22 starting
2026-09-04T19:31:20Z  session B2.22 written (11 turns)
2026-09-04T19:31:20Z  session A3.15 starting
2026-09-04T19:31:51Z  session A3.15 written (10 turns)
2026-09-04T19:31:51Z  session B3.20 starting
2026-09-04T19:32:13Z  session B3.20 written (9 turns)
2026-09-04T19:32:13Z  session C4.20 starting
2026-09-04T19:32:47Z  session C4.20 written (11 turns)
2026-09-04T19:32:47Z  session A2.7 starting
2026-09-04T19:33:32Z  session A2.7 written (10 turns)
2026-09-04T19:33:32Z  session C1.6 starting
2026-09-04T19:34:08Z  session C1.6 written (11 turns)
2026-09-04T19:34:08Z  session A4.13 starting
2026-09-04T19:34:45Z  session A4.13 written (10 turns)
2026-09-04T19:34:45Z  session B1.12 starting
2026-09-04T19:35:18Z  session B1.12 written (11 turns)
2026-09-04T19:35:18Z  session A1.7 starting
2026-09-04T19:35:59Z  session A1.7 written (10 turns)
2026-09-04T19:35:59Z  session C2.6 starting
2026-09-04T19:36:38Z  session C2.6 written (11 turns)
2026-09-04T19:36:38Z  session C3.9 starting
2026-09-04T19:37:18Z  session C3.9 written (11 turns)
2026-09-04T19:37:18Z  session A1.12 starting
2026-09-04T19:37:55Z  session A1.12 written (10 turns)
2026-09-04T19:37:55Z  session B2.16 starting
2026-09-04T19:38:29Z  session B2.16 written (11 turns)
2026-09-04T19:38:29Z  session C2.1 starting
2026-09-04T19:39:08Z  session C2.1 written (11 turns)
2026-09-04T19:39:08Z  session B2.4 starting
2026-09-04T19:39:40Z  session B2.4 written (11 turns)
2026-09-04T19:39:40Z  session C3.8 starting
2026-09-04T19:40:19Z  session C3.8 written (11 turns)
2026-09-04T19:40:19Z  session A4.5 starting
2026-09-04T19:41:01Z  session A4.5 written (10 turns)
2026-09-04T19:41:01Z  session B4.19 starting
2026-09-04T19:41:37Z  session B4.19 written (11 turns)
2026-09-04T19:41:37Z  session A2.1 starting
2026-09-04T19:42:16Z  session A2.1 written (10 turns)
2026-09-04T19:42:16Z  session A2.5 starting
2026-09-04T19:42:51Z  session A2.5 written (10 turns)
2026-09-04T19:42:51Z  session C2.2 starting
2026-09-04T19:43:31Z  session C2.2 written (11 turns)
2026-09-04T19:43:31Z  session C2.14 starting
2026-09-04T19:44:15Z  session C2.14 written (11 turns)
2026-09-04T19:44:15Z  session A2.16 starting
2026-09-04T19:44:52Z  session A2.16 written (10 turns)
2026-09-04T19:44:52Z  session A2.11 starting
2026-09-04T19:45:39Z  session A2.11 written (10 turns)
2026-09-04T19:45:39Z  session C2.17 starting
2026-09-04T19:46:24Z  session C2.17 written (11 turns)
2026-09-04T19:46:24Z  session A2.14 starting
2026-09-04T19:47:00Z  session A2.14 written (10 turns)
2026-09-04T19:47:00Z  session A2.19 starting
2026-09-04T19:47:37Z  session A2.19 written (10 turns)
2026-09-04T19:47:37Z  session A1.2 starting
2026-09-04T19:48:29Z  session A1.2 FAILED: [Errno 54] Connection reset by peer
2026-09-04T19:48:29Z  session A3.4 starting
2026-09-04T19:48:48Z  session A3.4 written (8 turns)
2026-09-04T19:48:48Z  session B2.3 starting
2026-09-04T19:49:33Z  session B2.3 written (11 turns)
2026-09-04T19:49:33Z  session C2.21 starting
2026-09-04T19:50:12Z  session C2.21 written (11 turns)
2026-09-04T19:50:12Z  session A2.18 starting
2026-09-04T19:50:51Z  session A2.18 written (10 turns)
2026-09-04T19:50:51Z  session C4.7 starting
2026-09-04T19:51:26Z  session C4.7 written (11 turns)
2026-09-04T19:51:26Z  session B3.5 starting
2026-09-04T19:51:47Z  session B3.5 written (9 turns)
2026-09-04T19:51:47Z  session B2.18 starting
2026-09-04T19:52:23Z  session B2.18 written (11 turns)
2026-09-04T19:52:23Z  session C3.17 starting
2026-09-04T19:53:09Z  session C3.17 written (11 turns)
2026-09-04T19:53:09Z  session C3.6 starting
2026-09-04T19:53:45Z  session C3.6 written (11 turns)
2026-09-04T19:53:45Z  session A4.21 starting
2026-09-04T19:54:20Z  session A4.21 written (10 turns)
2026-09-04T19:54:20Z  session B2.14 starting
2026-09-04T19:54:58Z  session B2.14 written (11 turns)
2026-09-04T19:54:58Z  session C4.12 starting
2026-09-04T19:55:29Z  session C4.12 written (11 turns)
2026-09-04T19:55:29Z  session C3.11 starting
2026-09-04T19:56:02Z  session C3.11 written (11 turns)
2026-09-04T19:56:02Z  session A4.10 starting
2026-09-04T19:56:38Z  session A4.10 written (10 turns)
2026-09-04T19:56:38Z  session A3.20 starting
2026-09-04T19:57:12Z  session A3.20 written (10 turns)
2026-09-04T19:57:12Z  session B3.13 starting
2026-09-04T19:57:45Z  session B3.13 written (11 turns)
2026-09-04T19:57:45Z  session C3.1 starting
2026-09-04T19:58:30Z  session C3.1 written (11 turns)
2026-09-04T19:58:30Z  session B1.15 starting
2026-09-04T19:59:04Z  session B1.15 written (11 turns)
2026-09-04T19:59:04Z  session B4.18 starting
2026-09-04T19:59:46Z  session B4.18 written (11 turns)
2026-09-04T19:59:46Z  session B3.19 starting
2026-09-04T20:00:22Z  session B3.19 written (11 turns)
2026-09-04T20:00:22Z  session C1.4 starting
2026-09-04T20:01:04Z  session C1.4 written (11 turns)
2026-09-04T20:01:04Z  session A4.18 starting
2026-09-04T20:01:41Z  session A4.18 written (10 turns)
2026-09-04T20:01:41Z  session B3.11 starting
2026-09-04T20:02:19Z  session B3.11 written (11 turns)
2026-09-04T20:02:19Z  session A4.2 starting
2026-09-04T20:02:55Z  session A4.2 written (10 turns)
2026-09-04T20:02:55Z  session C1.7 starting
2026-09-04T20:03:34Z  session C1.7 written (11 turns)
2026-09-04T20:03:34Z  session C4.10 starting
2026-09-04T20:04:24Z  session C4.10 written (11 turns)
2026-09-04T20:04:24Z  session A3.6 starting
2026-09-04T20:04:54Z  session A3.6 written (10 turns)
2026-09-04T20:04:54Z  session C4.16 starting
2026-09-04T20:05:31Z  session C4.16 written (11 turns)
2026-09-04T20:05:31Z  session C4.11 starting
2026-09-04T20:06:14Z  session C4.11 written (11 turns)
2026-09-04T20:06:14Z  session C1.12 starting
2026-09-04T20:07:00Z  session C1.12 written (11 turns)
2026-09-04T20:07:00Z  session A2.8 starting
2026-09-04T20:07:36Z  session A2.8 written (10 turns)
2026-09-04T20:07:36Z  session B3.6 starting
2026-09-04T20:08:10Z  session B3.6 written (11 turns)
2026-09-04T20:08:10Z  session A1.22 starting
2026-09-04T20:08:44Z  session A1.22 written (10 turns)
2026-09-04T20:08:44Z  session B1.22 starting
2026-09-04T20:09:29Z  session B1.22 written (11 turns)
2026-09-04T20:09:29Z  session A3.8 starting
2026-09-04T20:09:56Z  session A3.8 written (10 turns)
2026-09-04T20:09:56Z  session C2.15 starting
2026-09-04T20:10:29Z  session C2.15 written (11 turns)
2026-09-04T20:10:29Z  session B3.9 starting
2026-09-04T20:10:49Z  session B3.9 written (9 turns)
2026-09-04T20:10:49Z  session C2.16 starting
2026-09-04T20:11:30Z  session C2.16 written (11 turns)
2026-09-04T20:11:30Z  session B1.3 starting
2026-09-04T20:12:02Z  session B1.3 written (11 turns)
2026-09-04T20:12:02Z  session A2.10 starting
2026-09-04T20:12:42Z  session A2.10 written (10 turns)
2026-09-04T20:12:42Z  session B1.7 starting
2026-09-04T20:13:14Z  session B1.7 written (11 turns)
2026-09-04T20:13:14Z  session C4.4 starting
2026-09-04T20:13:46Z  session C4.4 written (11 turns)
2026-09-04T20:13:46Z  session A4.19 starting
2026-09-04T20:14:22Z  session A4.19 written (10 turns)
2026-09-04T20:14:22Z  session A3.17 starting
2026-09-04T20:14:51Z  session A3.17 written (10 turns)
2026-09-04T20:14:51Z  session A1.3 starting
2026-09-04T20:15:28Z  session A1.3 written (10 turns)
2026-09-04T20:15:28Z  session B4.4 starting
2026-09-04T20:15:58Z  session B4.4 written (11 turns)
2026-09-04T20:15:58Z  session C1.1 starting
2026-09-04T20:16:40Z  session C1.1 written (11 turns)
2026-09-04T20:16:40Z  session B1.14 starting
2026-09-04T20:17:18Z  session B1.14 written (11 turns)
2026-09-04T20:17:18Z  session B4.12 starting
2026-09-04T20:18:00Z  session B4.12 written (11 turns)
2026-09-04T20:18:00Z  session B3.4 starting
2026-09-04T20:18:39Z  session B3.4 written (11 turns)
2026-09-04T20:18:39Z  session C4.15 starting
2026-09-04T20:19:18Z  session C4.15 written (11 turns)
2026-09-04T20:19:18Z  session C1.16 starting
2026-09-04T20:19:57Z  session C1.16 written (11 turns)
2026-09-04T20:19:57Z  session C4.2 starting
2026-09-04T20:20:26Z  session C4.2 written (11 turns)
2026-09-04T20:20:26Z  session B3.18 starting
2026-09-04T20:20:44Z  session B3.18 written (9 turns)
2026-09-04T20:20:44Z  session C1.22 starting
2026-09-04T20:21:21Z  session C1.22 written (11 turns)
2026-09-04T20:21:21Z  session A1.4 starting
2026-09-04T20:21:57Z  session A1.4 written (10 turns)
2026-09-04T20:21:57Z  session A3.16 starting
2026-09-04T20:22:28Z  session A3.16 written (10 turns)
2026-09-04T20:22:28Z  session B2.10 starting
2026-09-04T20:23:05Z  session B2.10 written (11 turns)
2026-09-04T20:23:05Z  session C2.22 starting
2026-09-04T20:23:40Z  session C2.22 written (11 turns)
2026-09-04T20:23:40Z  session B2.9 starting
2026-09-04T20:24:13Z  session B2.9 written (11 turns)
2026-09-04T20:24:13Z  session B2.20 starting
2026-09-04T20:24:47Z  session B2.20 written (11 turns)
2026-09-04T20:24:47Z  session B3.12 starting
2026-09-04T20:25:21Z  session B3.12 written (11 turns)
2026-09-04T20:25:21Z  session B1.6 starting
2026-09-04T20:25:57Z  session B1.6 written (11 turns)
2026-09-04T20:25:57Z  session B3.2 starting
2026-09-04T20:26:16Z  session B3.2 written (9 turns)
2026-09-04T20:26:16Z  session B2.15 starting
2026-09-04T20:26:48Z  session B2.15 written (11 turns)
2026-09-04T20:26:48Z  session B4.3 starting
2026-09-04T20:27:18Z  session B4.3 written (11 turns)
2026-09-04T20:27:18Z  session A4.4 starting
2026-09-04T20:27:57Z  session A4.4 written (10 turns)
2026-09-04T20:27:57Z  session A1.18 starting
2026-09-04T20:28:36Z  session A1.18 written (10 turns)
2026-09-04T20:28:36Z  session C2.5 starting
2026-09-04T20:29:16Z  session C2.5 written (11 turns)
2026-09-04T20:29:16Z  session C2.7 starting
2026-09-04T20:29:52Z  session C2.7 written (11 turns)
2026-09-04T20:29:52Z  session A3.13 starting
2026-09-04T20:30:23Z  session A3.13 written (10 turns)
2026-09-04T20:30:23Z  session B4.14 starting
2026-09-04T20:31:03Z  session B4.14 written (11 turns)
2026-09-04T20:31:03Z  session C1.17 starting
2026-09-04T20:31:46Z  session C1.17 written (11 turns)
2026-09-04T20:31:46Z  session B2.1 starting
2026-09-04T20:32:29Z  session B2.1 written (11 turns)
2026-09-04T20:32:29Z  session C1.2 starting
2026-09-04T20:33:08Z  session C1.2 written (11 turns)
2026-09-04T20:33:08Z  session B1.18 starting
2026-09-04T20:33:48Z  session B1.18 written (11 turns)
2026-09-04T20:33:48Z  session A2.12 starting
2026-09-04T20:34:25Z  session A2.12 written (10 turns)
2026-09-04T20:34:25Z  session B2.6 starting
2026-09-04T20:34:57Z  session B2.6 written (11 turns)
2026-09-04T20:34:57Z  session A4.8 starting
2026-09-04T20:35:33Z  session A4.8 written (10 turns)
2026-09-04T20:35:33Z  session B4.16 starting
2026-09-04T20:36:06Z  session B4.16 written (11 turns)
2026-09-04T20:36:06Z  session A2.21 starting
2026-09-04T20:36:43Z  session A2.21 written (10 turns)
2026-09-04T20:36:43Z  session C1.20 starting
2026-09-04T20:37:27Z  session C1.20 written (11 turns)
2026-09-04T20:37:27Z  session C3.22 starting
2026-09-04T20:38:01Z  session C3.22 written (11 turns)
2026-09-04T20:38:01Z  session B2.19 starting
2026-09-04T20:38:40Z  session B2.19 written (11 turns)
2026-09-04T20:38:40Z  session B4.13 starting
2026-09-04T20:39:11Z  session B4.13 written (11 turns)
2026-09-04T20:39:11Z  session C2.12 starting
2026-09-04T20:39:52Z  session C2.12 written (11 turns)
2026-09-04T20:39:52Z  session A3.21 starting
2026-09-04T20:40:11Z  session A3.21 written (8 turns)
2026-09-04T20:40:11Z  session C4.5 starting
2026-09-04T20:40:53Z  session C4.5 written (11 turns)
2026-09-04T20:40:53Z  session B3.14 starting
2026-09-04T20:41:12Z  session B3.14 written (9 turns)
2026-09-04T20:41:12Z  session C3.21 starting
2026-09-04T20:41:45Z  session C3.21 written (11 turns)
2026-09-04T20:41:45Z  session B3.15 starting
2026-09-04T20:42:41Z  session B3.15 written (11 turns)
2026-09-04T20:42:41Z  session A1.21 starting
2026-09-04T20:43:17Z  session A1.21 written (10 turns)
2026-09-04T20:43:17Z  session C2.9 starting
2026-09-04T20:43:54Z  session C2.9 written (11 turns)
2026-09-04T20:43:54Z  session B4.2 starting
2026-09-04T20:44:26Z  session B4.2 written (11 turns)
2026-09-04T20:44:26Z  session C4.3 starting
2026-09-04T20:45:00Z  session C4.3 written (11 turns)
2026-09-04T20:45:00Z  session A1.15 starting
2026-09-04T20:45:36Z  session A1.15 written (10 turns)
2026-09-04T20:45:36Z  session A3.12 starting
2026-09-04T20:46:02Z  session A3.12 written (10 turns)
2026-09-04T20:46:02Z  session B1.16 starting
2026-09-04T20:46:38Z  session B1.16 written (11 turns)
2026-09-04T20:46:38Z  session A1.10 starting
2026-09-04T20:47:16Z  session A1.10 written (10 turns)
2026-09-04T20:47:16Z  session A3.3 starting
2026-09-04T20:47:44Z  session A3.3 written (10 turns)
2026-09-04T20:47:44Z  session A3.11 starting
2026-09-04T20:48:14Z  session A3.11 written (10 turns)
2026-09-04T20:48:14Z  session A1.1 starting
2026-09-04T20:48:50Z  session A1.1 written (10 turns)
2026-09-04T20:48:50Z  session B4.21 starting
2026-09-04T20:49:21Z  session B4.21 written (11 turns)
2026-09-04T20:49:21Z  session A4.11 starting
2026-09-04T20:49:58Z  session A4.11 written (10 turns)
2026-09-04T20:49:58Z  session B1.13 starting
2026-09-04T20:50:28Z  session B1.13 written (11 turns)
2026-09-04T20:50:28Z  session A3.9 starting
2026-09-04T20:50:57Z  session A3.9 written (10 turns)
2026-09-04T20:50:57Z  session B4.6 starting
2026-09-04T20:51:28Z  session B4.6 written (11 turns)
2026-09-04T20:51:28Z  session A2.20 starting
2026-09-04T20:52:06Z  session A2.20 written (10 turns)
2026-09-04T20:52:06Z  session B3.16 starting
2026-09-04T20:52:38Z  session B3.16 written (11 turns)
2026-09-04T20:52:38Z  session B1.21 starting
2026-09-04T20:53:10Z  session B1.21 written (11 turns)
2026-09-04T20:53:10Z  session C4.19 starting
2026-09-04T20:53:43Z  session C4.19 written (11 turns)
2026-09-04T20:53:43Z  session B2.17 starting
2026-09-04T20:54:22Z  session B2.17 written (11 turns)
2026-09-04T20:54:22Z  session C3.18 starting
2026-09-04T20:54:55Z  session C3.18 written (11 turns)
2026-09-04T20:54:55Z  session B4.7 starting
2026-09-04T20:55:29Z  session B4.7 written (11 turns)
2026-09-04T20:55:29Z  session B1.5 starting
2026-09-04T20:56:08Z  session B1.5 written (11 turns)
2026-09-04T20:56:08Z  session A2.4 starting
2026-09-04T20:56:42Z  session A2.4 written (10 turns)
2026-09-04T20:56:42Z  session C1.11 starting
2026-09-04T20:57:16Z  session C1.11 written (11 turns)
2026-09-04T20:57:16Z  session B1.20 starting
2026-09-04T20:57:42Z  session B1.20 written (11 turns)
2026-09-04T20:57:42Z  session C3.5 starting
2026-09-04T20:58:13Z  session C3.5 written (11 turns)
2026-09-04T20:58:13Z  session A3.18 starting
2026-09-04T20:58:44Z  session A3.18 written (10 turns)
2026-09-04T20:58:44Z  session C4.8 starting
2026-09-04T20:59:17Z  session C4.8 written (11 turns)
2026-09-04T20:59:17Z  session C1.21 starting
2026-09-04T20:59:55Z  session C1.21 written (11 turns)
2026-09-04T20:59:55Z  session B1.17 starting
2026-09-04T21:00:28Z  session B1.17 written (11 turns)
2026-09-04T21:00:28Z  session A4.15 starting
2026-09-04T21:00:57Z  session A4.15 written (10 turns)
2026-09-04T21:00:57Z  session A3.14 starting
2026-09-04T21:01:23Z  session A3.14 written (10 turns)
2026-09-04T21:01:23Z  session C4.13 starting
2026-09-04T21:01:58Z  session C4.13 written (11 turns)
2026-09-04T21:01:58Z  session B4.17 starting
2026-09-04T21:02:31Z  session B4.17 written (11 turns)
2026-09-04T21:02:31Z  session B3.21 starting
2026-09-04T21:02:50Z  session B3.21 written (9 turns)
2026-09-04T21:02:50Z  session B4.9 starting
2026-09-04T21:03:20Z  session B4.9 written (11 turns)
2026-09-04T21:03:20Z  session B2.12 starting
2026-09-04T21:03:52Z  session B2.12 written (11 turns)
2026-09-04T21:03:52Z  session C2.4 starting
2026-09-04T21:04:31Z  session C2.4 written (11 turns)
2026-09-04T21:04:31Z  session C3.16 starting
2026-09-04T21:05:07Z  session C3.16 written (11 turns)
2026-09-04T21:05:07Z  session B1.11 starting
2026-09-04T21:05:44Z  session B1.11 written (11 turns)
2026-09-04T21:05:44Z  session A4.22 starting
2026-09-04T21:06:17Z  session A4.22 written (10 turns)
2026-09-04T21:06:17Z  session B1.9 starting
2026-09-04T21:06:47Z  session B1.9 written (11 turns)
2026-09-04T21:06:47Z  session C4.6 starting
2026-09-04T21:07:26Z  session C4.6 written (11 turns)
2026-09-04T21:07:26Z  session C4.17 starting
2026-09-04T21:08:02Z  session C4.17 written (11 turns)
2026-09-04T21:08:02Z  session A1.17 starting
2026-09-04T21:08:33Z  session A1.17 written (10 turns)
2026-09-04T21:08:33Z  session A2.6 starting
2026-09-04T21:09:07Z  session A2.6 written (10 turns)
2026-09-04T21:09:07Z  session B3.3 starting
2026-09-04T21:09:25Z  session B3.3 written (9 turns)
2026-09-04T21:09:25Z  session A2.22 starting
2026-09-04T21:10:00Z  session A2.22 written (10 turns)
2026-09-04T21:10:00Z  session B3.17 starting
2026-09-04T21:10:20Z  session B3.17 written (9 turns)
2026-09-04T21:10:20Z  session C4.18 starting
2026-09-04T21:10:49Z  session C4.18 written (11 turns)
2026-09-04T21:10:49Z  session C2.11 starting
2026-09-04T21:11:19Z  session C2.11 written (11 turns)
2026-09-04T21:11:19Z  session B4.8 starting
2026-09-04T21:11:56Z  session B4.8 written (11 turns)
2026-09-04T21:11:56Z  session B2.11 starting
2026-09-04T21:12:33Z  session B2.11 written (11 turns)
2026-09-04T21:12:33Z  session A3.7 starting
2026-09-04T21:13:02Z  session A3.7 written (10 turns)
2026-09-04T21:13:02Z  session B3.8 starting
2026-09-04T21:13:22Z  session B3.8 written (9 turns)
2026-09-04T21:13:22Z  session A4.14 starting
2026-09-04T21:13:55Z  session A4.14 written (10 turns)
2026-09-04T21:13:55Z  session C2.20 starting
2026-09-04T21:14:29Z  session C2.20 written (11 turns)
2026-09-04T21:14:29Z  session B2.7 starting
2026-09-04T21:15:03Z  session B2.7 written (11 turns)
2026-09-04T21:15:03Z  session C4.21 starting
2026-09-04T21:15:40Z  session C4.21 written (11 turns)
2026-09-04T21:15:40Z  session C3.19 starting
2026-09-04T21:16:12Z  session C3.19 written (11 turns)
2026-09-04T21:16:12Z  session C1.3 starting
2026-09-04T21:16:48Z  session C1.3 written (11 turns)
2026-09-04T21:16:48Z  session C3.15 starting
2026-09-04T21:17:24Z  session C3.15 written (11 turns)
2026-09-04T21:17:24Z  session C4.1 starting
2026-09-04T21:18:01Z  session C4.1 written (11 turns)
2026-09-04T21:18:01Z  session C3.10 starting
2026-09-04T21:18:32Z  session C3.10 written (11 turns)
2026-09-04T21:18:32Z  session A1.9 starting
2026-09-04T21:19:06Z  session A1.9 written (10 turns)
2026-09-04T21:19:06Z  session C1.5 starting
2026-09-04T21:19:46Z  session C1.5 written (11 turns)
2026-09-04T21:19:46Z  session A3.2 starting
2026-09-04T21:20:12Z  session A3.2 written (10 turns)
2026-09-04T21:20:12Z  session A1.11 starting
2026-09-04T21:20:47Z  session A1.11 written (10 turns)
2026-09-04T21:20:47Z  session C1.10 starting
2026-09-04T21:21:23Z  session C1.10 written (11 turns)
2026-09-04T21:21:23Z  session B3.10 starting
2026-09-04T21:21:58Z  session B3.10 written (11 turns)
2026-09-04T21:21:58Z  end: 263 of 264 on disk
2026-09-04T21:22:21Z  start: 264 planned, 263 already on disk
2026-09-04T21:22:21Z  session A1.2 starting
2026-09-04T21:22:53Z  session A1.2 written (10 turns)
2026-09-04T21:22:53Z  end: 264 of 264 on disk
