2026-09-08T14:33:29Z  start: 63 planned, 0 already on disk
2026-09-08T14:33:29Z  session R3.1 starting
2026-09-08T14:34:26Z  session R3.1 written (11 turns)
2026-09-08T14:34:26Z  session R2.2 starting
2026-09-08T14:35:40Z  session R2.2 written (11 turns)
2026-09-08T14:35:40Z  session R1.4 starting
2026-09-08T14:37:16Z  session R1.4 written (11 turns)
2026-09-08T14:37:16Z  session P3.4 starting
2026-09-08T14:37:46Z  session P3.4 written (11 turns)
2026-09-08T14:37:46Z  session R3.5 starting
2026-09-08T14:38:30Z  session R3.5 written (11 turns)
2026-09-08T14:38:30Z  session W1.6 starting
2026-09-08T14:39:51Z  session W1.6 written (11 turns)
2026-09-08T14:39:51Z  session W3.7 starting
2026-09-08T14:40:19Z  session W3.7 written (9 turns)
2026-09-08T14:40:19Z  session W3.1 starting
2026-09-08T14:41:05Z  session W3.1 written (11 turns)
2026-09-08T14:41:05Z  session P2.7 starting
2026-09-08T14:42:09Z  session P2.7 written (11 turns)
2026-09-08T14:42:09Z  session P3.6 starting
2026-09-08T14:42:50Z  session P3.6 written (11 turns)
2026-09-08T14:42:50Z  session R1.1 starting
2026-09-08T14:44:04Z  session R1.1 written (11 turns)
2026-09-08T14:44:04Z  session R3.3 starting
2026-09-08T14:44:50Z  session R3.3 written (11 turns)
2026-09-08T14:44:50Z  session P2.6 starting
2026-09-08T14:46:00Z  session P2.6 written (11 turns)
2026-09-08T14:46:00Z  session P2.2 starting
2026-09-08T14:46:58Z  session P2.2 written (11 turns)
2026-09-08T14:46:58Z  session R2.5 starting
2026-09-08T14:48:29Z  session R2.5 written (11 turns)
2026-09-08T14:48:29Z  session W2.4 starting
2026-09-08T14:49:43Z  session W2.4 written (11 turns)
2026-09-08T14:49:43Z  session W1.7 starting
2026-09-08T14:51:26Z  session W1.7 written (11 turns)
2026-09-08T14:51:26Z  session P3.3 starting
2026-09-08T14:52:10Z  session P3.3 written (11 turns)
2026-09-08T14:52:10Z  session R2.3 starting
2026-09-08T14:53:21Z  session R2.3 written (11 turns)
2026-09-08T14:53:21Z  session R2.7 starting
2026-09-08T14:54:47Z  session R2.7 written (11 turns)
2026-09-08T14:54:47Z  session P2.1 starting
2026-09-08T14:56:00Z  session P2.1 written (11 turns)
2026-09-08T14:56:00Z  session R2.1 starting
2026-09-08T14:57:13Z  session R2.1 written (11 turns)
2026-09-08T14:57:13Z  session P2.3 starting
2026-09-08T14:58:17Z  session P2.3 written (11 turns)
2026-09-08T14:58:17Z  session W1.1 starting
2026-09-08T14:59:56Z  session W1.1 written (11 turns)
2026-09-08T14:59:56Z  session P1.5 starting
2026-09-08T15:01:08Z  session P1.5 written (11 turns)
2026-09-08T15:01:08Z  session R3.7 starting
2026-09-08T15:02:22Z  session R3.7 written (11 turns)
2026-09-08T15:02:22Z  session R3.2 starting
2026-09-08T15:03:34Z  session R3.2 written (11 turns)
2026-09-08T15:03:34Z  session W1.5 starting
2026-09-08T15:04:58Z  session W1.5 written (11 turns)
2026-09-08T15:04:58Z  session P1.2 starting
2026-09-08T15:05:56Z  session P1.2 written (11 turns)
2026-09-08T15:05:56Z  session W2.5 starting
2026-09-08T15:07:10Z  session W2.5 written (11 turns)
2026-09-08T15:07:10Z  session W3.4 starting
2026-09-08T15:07:33Z  session W3.4 written (9 turns)
2026-09-08T15:07:33Z  session W1.4 starting
2026-09-08T15:08:56Z  session W1.4 written (11 turns)
2026-09-08T15:08:56Z  session W3.6 starting
2026-09-08T15:09:40Z  session W3.6 written (11 turns)
2026-09-08T15:09:40Z  session R1.3 starting
2026-09-08T15:10:19Z  session R1.3 written (11 turns)
2026-09-08T15:10:19Z  session R1.5 starting
2026-09-08T15:11:40Z  session R1.5 written (11 turns)
2026-09-08T15:11:40Z  session R1.7 starting
2026-09-08T15:12:32Z  session R1.7 written (11 turns)
2026-09-08T15:12:32Z  session W2.6 starting
2026-09-08T15:13:49Z  session W2.6 written (11 turns)
2026-09-08T15:13:49Z  session R2.4 starting
2026-09-08T15:15:21Z  session R2.4 written (11 turns)
2026-09-08T15:15:21Z  session W3.3 starting
2026-09-08T15:16:12Z  session W3.3 written (9 turns)
2026-09-08T15:16:12Z  session P1.4 starting
2026-09-08T15:17:46Z  session P1.4 written (11 turns)
2026-09-08T15:17:46Z  session R2.6 starting
2026-09-08T15:19:14Z  session R2.6 written (11 turns)
2026-09-08T15:19:14Z  session P3.2 starting
2026-09-08T15:19:51Z  session P3.2 written (11 turns)
2026-09-08T15:19:51Z  session R3.6 starting
2026-09-08T15:20:46Z  session R3.6 written (11 turns)
2026-09-08T15:20:46Z  session P1.7 starting
2026-09-08T15:21:55Z  session P1.7 written (11 turns)
2026-09-08T15:21:55Z  session W2.2 starting
2026-09-08T15:23:03Z  session W2.2 written (11 turns)
2026-09-08T15:23:03Z  session W2.3 starting
2026-09-08T15:24:07Z  session W2.3 written (11 turns)
2026-09-08T15:24:07Z  session P1.1 starting
2026-09-08T15:25:15Z  session P1.1 written (11 turns)
2026-09-08T15:25:15Z  session W2.1 starting
2026-09-08T15:26:37Z  session W2.1 written (11 turns)
2026-09-08T15:26:37Z  session P1.3 starting
2026-09-08T15:28:04Z  session P1.3 written (11 turns)
2026-09-08T15:28:04Z  session P3.5 starting
2026-09-08T15:28:58Z  session P3.5 written (11 turns)
2026-09-08T15:28:58Z  session P3.1 starting
2026-09-08T15:30:06Z  session P3.1 written (11 turns)
2026-09-08T15:30:06Z  session W1.2 starting
2026-09-08T15:31:38Z  session W1.2 written (11 turns)
2026-09-08T15:31:38Z  session W2.7 starting
2026-09-08T15:33:11Z  session W2.7 written (11 turns)
2026-09-08T15:33:11Z  session P2.5 starting
2026-09-08T15:33:59Z  session P2.5 written (11 turns)
2026-09-08T15:33:59Z  session R1.6 starting
2026-09-08T15:35:04Z  session R1.6 written (11 turns)
2026-09-08T15:35:04Z  session W3.2 starting
2026-09-08T15:35:31Z  session W3.2 written (9 turns)
2026-09-08T15:35:31Z  session R1.2 starting
2026-09-08T15:37:04Z  session R1.2 written (11 turns)
2026-09-08T15:37:04Z  session P3.7 starting
2026-09-08T15:37:42Z  session P3.7 written (11 turns)
2026-09-08T15:37:42Z  session W1.3 starting
2026-09-08T15:39:05Z  session W1.3 written (11 turns)
2026-09-08T15:39:05Z  session P1.6 starting
2026-09-08T15:40:26Z  session P1.6 written (11 turns)
2026-09-08T15:40:26Z  session W3.5 starting
2026-09-08T15:41:29Z  session W3.5 written (11 turns)
2026-09-08T15:41:29Z  session R3.4 starting
2026-09-08T15:42:33Z  session R3.4 written (11 turns)
2026-09-08T15:42:33Z  session P2.4 starting
2026-09-08T15:43:33Z  session P2.4 written (11 turns)
2026-09-08T15:43:33Z  end: 63 of 63 on disk
